Component: ARM Compiler 5.05 update 1 (build 106) Tool: armlink [4d0efa]

==============================================================================

Section Cross References

    main.o(.text) refers to misc.o(.text) for NVIC_PriorityGroupConfig
    main.o(.text) refers to delay.o(.text) for delay_init
    main.o(.text) refers to usart.o(.text) for uart_init
    main.o(.text) refers to i2c.o(.text) for i2cdevInit
    main.o(.text) refers to mpu6050.o(.text) for MPU6050_Init
    main.o(.text) refers to 24l01.o(.text) for NRF24L01_Init
    main.o(.text) refers to spi.o(.text) for SPI1_Init
    main.o(.text) refers to ms5611.o(.text) for MS5611_Init
    main.o(.text) refers to timer.o(.text) for TIM5_Init
    main.o(.text) refers to ak8975.o(.text) for AK8975_Init
    main.o(.text) refers to main.o(.data) for gaodu
    main.o(.text) refers to main.o(.bss) for mpu6050_buffer
    system_stm32f4xx.o(.text) refers to system_stm32f4xx.o(.data) for SystemCoreClock
    led.o(.text) refers to stm32f4xx_rcc.o(.text) for RCC_AHB1PeriphClockCmd
    led.o(.text) refers to stm32f4xx_gpio.o(.text) for GPIO_Init
    lcd.o(.text) refers to _printf_percent.o(.ARM.Collect$$_printf_percent$$00000000) for _printf_percent
    lcd.o(.text) refers to _printf_x.o(.ARM.Collect$$_printf_percent$$0000000C) for _printf_x
    lcd.o(.text) refers to _printf_hex_int.o(.text) for _printf_longlong_hex
    lcd.o(.text) refers to delay.o(.text) for delay_us
    lcd.o(.text) refers to lcd.o(.bss) for lcddev
    lcd.o(.text) refers to lcd.o(.data) for POINT_COLOR
    lcd.o(.text) refers to dflt_clz.o(x$fpl$dfltu) for __aeabi_ui2d
    lcd.o(.text) refers to dmul.o(x$fpl$dmul) for __aeabi_dmul
    lcd.o(.text) refers to dfixu.o(x$fpl$dfixu) for __aeabi_d2uiz
    lcd.o(.text) refers to stm32f4xx_rcc.o(.text) for RCC_AHB1PeriphClockCmd
    lcd.o(.text) refers to stm32f4xx_gpio.o(.text) for GPIO_Init
    lcd.o(.text) refers to stm32f4xx_fsmc.o(.text) for FSMC_NORSRAMInit
    lcd.o(.text) refers to noretval__2printf.o(.text) for __2printf
    lcd.o(.text) refers to lcd.o(.constdata) for asc2_1206
    key.o(.text) refers to stm32f4xx_rcc.o(.text) for RCC_AHB1PeriphClockCmd
    key.o(.text) refers to stm32f4xx_gpio.o(.text) for GPIO_Init
    key.o(.text) refers to delay.o(.text) for delay_ms
    key.o(.text) refers to key.o(.data) for key_up
    spi.o(.text) refers to stm32f4xx_rcc.o(.text) for RCC_APB2PeriphClockCmd
    spi.o(.text) refers to stm32f4xx_gpio.o(.text) for GPIO_PinAFConfig
    spi.o(.text) refers to stm32f4xx_spi.o(.text) for SPI_Init
    spi.o(.text) refers to spi.o(.data) for spi1_err
    24l01.o(.text) refers to stm32f4xx_spi.o(.text) for SPI_Cmd
    24l01.o(.text) refers to stm32f4xx_rcc.o(.text) for RCC_AHB1PeriphClockCmd
    24l01.o(.text) refers to stm32f4xx_gpio.o(.text) for GPIO_Init
    24l01.o(.text) refers to spi.o(.text) for SPI2_Init
    24l01.o(.text) refers to 24l01.o(.constdata) for RX_ADDRESS
    i2c.o(.text) refers to stm32f4xx_rcc.o(.text) for RCC_AHB1PeriphClockCmd
    i2c.o(.text) refers to stm32f4xx_gpio.o(.text) for GPIO_Init
    i2c.o(.text) refers to delay.o(.text) for delay_us
    i2c.o(.text) refers to i2c.o(.data) for i2c_soft_err
    mpu6050.o(.text) refers to i2c.o(.text) for i2cReadBytes
    mpu6050.o(.text) refers to delay.o(.text) for delay_ms
    mpu6050.o(.text) refers to basefilter.o(.text) for SildeMeanFilter
    mpu6050.o(.text) refers to dflt_clz.o(x$fpl$dflt) for __aeabi_i2d
    mpu6050.o(.text) refers to dmul.o(x$fpl$dmul) for __aeabi_dmul
    mpu6050.o(.text) refers to d2f.o(x$fpl$d2f) for __aeabi_d2f
    mpu6050.o(.text) refers to mpu6050.o(.bss) for mpu6050_acc_filter
    mpu6050.o(.text) refers to mpu6050.o(.data) for DeviceID
    mpu6050.o(.text) refers to main.o(.bss) for mpu6050_buffer
    ms5611.o(.text) refers to stm32f4xx_gpio.o(.text) for GPIO_SetBits
    ms5611.o(.text) refers to stm32f4xx_rcc.o(.text) for RCC_AHB1PeriphClockCmd
    ms5611.o(.text) refers to delay.o(.text) for delay_ms
    ms5611.o(.text) refers to spi.o(.text) for SPI1_ReadWriteByte
    ms5611.o(.text) refers to ms5611.o(.data) for baro_available
    ms5611.o(.text) refers to ms5611.o(.bss) for MS5611_C
    ms5611.o(.text) refers to dfltll_clz.o(x$fpl$dfltll) for __aeabi_l2d
    ms5611.o(.text) refers to ddiv.o(x$fpl$ddiv) for __aeabi_ddiv
    ms5611.o(.text) refers to pow.o(i.__hardfp_pow) for __hardfp_pow
    ms5611.o(.text) refers to daddsub_clz.o(x$fpl$dsub) for __aeabi_dsub
    ms5611.o(.text) refers to dmul.o(x$fpl$dmul) for __aeabi_dmul
    ms5611.o(.text) refers to d2f.o(x$fpl$d2f) for __aeabi_d2f
    ms5611.o(.text) refers to timer.o(.text) for get_dt_in_micros
    ms5611.o(.text) refers to ms5611.o(i.__ARM_isnanf) for __ARM_isnanf
    ms5611.o(.text) refers to basefilter.o(.text) for SildeMeanFilter
    ak8975.o(.text) refers to stm32f4xx_gpio.o(.text) for GPIO_SetBits
    ak8975.o(.text) refers to stm32f4xx_rcc.o(.text) for RCC_AHB1PeriphClockCmd
[...]
    ../clib/signal.c                         0x00000000   Number         0  defsig_general.o ABSOLUTE
    ../clib/signal.c                         0x00000000   Number         0  defsig_other.o ABSOLUTE
    ../clib/signal.s                         0x00000000   Number         0  defsig.o ABSOLUTE
    ../clib/stdio.c                          0x00000000   Number         0  ferror_locked.o ABSOLUTE
    ../clib/stdio.c                          0x00000000   Number         0  ferror.o ABSOLUTE
    ../clib/stdlib.c                         0x00000000   Number         0  exit.o ABSOLUTE
    ../fplib/basic.s                         0x00000000   Number         0  basic.o ABSOLUTE
    ../fplib/d2f.s                           0x00000000   Number         0  d2f.o ABSOLUTE
    ../fplib/daddsub.s                       0x00000000   Number         0  daddsub_clz.o ABSOLUTE
    ../fplib/dcheck1.s                       0x00000000   Number         0  dcheck1.o ABSOLUTE
    ../fplib/dcmpi.s                         0x00000000   Number         0  dcmpi.o ABSOLUTE
    ../fplib/ddiv.s                          0x00000000   Number         0  ddiv.o ABSOLUTE
    ../fplib/dfixu.s                         0x00000000   Number         0  dfixu.o ABSOLUTE
    ../fplib/dflt.s                          0x00000000   Number         0  dflt_clz.o ABSOLUTE
    ../fplib/dfltll.s                        0x00000000   Number         0  dfltll_clz.o ABSOLUTE
    ../fplib/dleqf.s                         0x00000000   Number         0  dleqf.o ABSOLUTE
    ../fplib/dmul.s                          0x00000000   Number         0  dmul.o ABSOLUTE
    ../fplib/dnaninf.s                       0x00000000   Number         0  dnaninf.o ABSOLUTE
    ../fplib/dretinf.s                       0x00000000   Number         0  dretinf.o ABSOLUTE
    ../fplib/drleqf.s                        0x00000000   Number         0  drleqf.o ABSOLUTE
    ../fplib/dsqrt.s                         0x00000000   Number         0  dsqrt_umaal.o ABSOLUTE
    ../fplib/fpinit.s                        0x00000000   Number         0  fpinit.o ABSOLUTE
    ../fplib/fretinf.s                       0x00000000   Number         0  fretinf.o ABSOLUTE
    ../fplib/retnan.s                        0x00000000   Number         0  retnan.o ABSOLUTE
    ../fplib/scalbn.s                        0x00000000   Number         0  scalbn.o ABSOLUTE
    ../fplib/trapv.s                         0x00000000   Number         0  trapv.o ABSOLUTE
    ../fplib/usenofp.s                       0x00000000   Number         0  usenofp.o ABSOLUTE
    ../mathlib/dunder.c                      0x00000000   Number         0  dunder.o ABSOLUTE
    ../mathlib/fabs.c                        0x00000000   Number         0  fabs.o ABSOLUTE
    ../mathlib/fpclassify.c                  0x00000000   Number         0  fpclassify.o ABSOLUTE
    ../mathlib/poly.c                        0x00000000   Number         0  poly.o ABSOLUTE
    ../mathlib/pow.c                         0x00000000   Number         0  pow_x.o ABSOLUTE
    ../mathlib/pow.c                         0x00000000   Number         0  pow.o ABSOLUTE
    ../mathlib/qnan.c                        0x00000000   Number         0  qnan.o ABSOLUTE
    ../mathlib/sqrt.c                        0x00000000   Number         0  sqrt.o ABSOLUTE
    ../mathlib/sqrt.c                        0x00000000   Number         0  sqrt_x.o ABSOLUTE
    ..\CORE\startup_stm32f40_41xxx.s         0x00000000   Number         0  startup_stm32f40_41xxx.o ABSOLUTE
    ..\FWLIB\src\misc.c                      0x00000000   Number         0  misc.o ABSOLUTE
    ..\FWLIB\src\stm32f4xx_fsmc.c            0x00000000   Number         0  stm32f4xx_fsmc.o ABSOLUTE
    ..\FWLIB\src\stm32f4xx_gpio.c            0x00000000   Number         0  stm32f4xx_gpio.o ABSOLUTE
    ..\FWLIB\src\stm32f4xx_rcc.c             0x00000000   Number         0  stm32f4xx_rcc.o ABSOLUTE
    ..\FWLIB\src\stm32f4xx_spi.c             0x00000000   Number         0  stm32f4xx_spi.o ABSOLUTE
    ..\FWLIB\src\stm32f4xx_syscfg.c          0x00000000   Number         0  stm32f4xx_syscfg.o ABSOLUTE
    ..\FWLIB\src\stm32f4xx_usart.c           0x00000000   Number         0  stm32f4xx_usart.o ABSOLUTE
    ..\HARDWARE\AK8975\AK8975.c              0x00000000   Number         0  ak8975.o ABSOLUTE
    ..\HARDWARE\BaseFilter\BaseFilter.c      0x00000000   Number         0  basefilter.o ABSOLUTE
    ..\HARDWARE\I2C\i2c.c                    0x00000000   Number         0  i2c.o ABSOLUTE
    ..\HARDWARE\KEY\key.c                    0x00000000   Number         0  key.o ABSOLUTE
    ..\HARDWARE\LCD\lcd.c                    0x00000000   Number         0  lcd.o ABSOLUTE
    ..\HARDWARE\LED\led.c                    0x00000000   Number         0  led.o ABSOLUTE
    ..\HARDWARE\MPU6050\mpu6050.c            0x00000000   Number         0  mpu6050.o ABSOLUTE
    ..\HARDWARE\MS5611\MS5611.c              0x00000000   Number         0  ms5611.o ABSOLUTE
    ..\HARDWARE\NRF24L01\24l01.c             0x00000000   Number         0  24l01.o ABSOLUTE
    ..\HARDWARE\SPI\spi.c                    0x00000000   Number         0  spi.o ABSOLUTE
    ..\HARDWARE\TIMER\timer.c                0x00000000   Number         0  timer.o ABSOLUTE
    ..\SYSTEM\delay\delay.c                  0x00000000   Number         0  delay.o ABSOLUTE
    ..\SYSTEM\sys\sys.c                      0x00000000   Number         0  sys.o ABSOLUTE
    ..\SYSTEM\usart\usart.c                  0x00000000   Number         0  usart.o ABSOLUTE
    ..\\FWLIB\\src\\misc.c                   0x00000000   Number         0  misc.o ABSOLUTE
    ..\\FWLIB\\src\\stm32f4xx_fsmc.c         0x00000000   Number         0  stm32f4xx_fsmc.o ABSOLUTE
    ..\\FWLIB\\src\\stm32f4xx_gpio.c         0x00000000   Number         0  stm32f4xx_gpio.o ABSOLUTE
    ..\\FWLIB\\src\\stm32f4xx_rcc.c          0x00000000   Number         0  stm32f4xx_rcc.o ABSOLUTE
    ..\\FWLIB\\src\\stm32f4xx_spi.c          0x00000000   Number         0  stm32f4xx_spi.o ABSOLUTE
    ..\\FWLIB\\src\\stm32f4xx_syscfg.c       0x00000000   Number         0  stm32f4xx_syscfg.o ABSOLUTE
    ..\\FWLIB\\src\\stm32f4xx_usart.c        0x00000000   Number         0  stm32f4xx_usart.o ABSOLUTE
    ..\\HARDWARE\\AK8975\\AK8975.c           0x00000000   Number         0  ak8975.o ABSOLUTE
    ..\\HARDWARE\\BaseFilter\\BaseFilter.c   0x00000000   Number         0  basefilter.o ABSOLUTE
    ..\\HARDWARE\\I2C\\i2c.c                 0x00000000   Number         0  i2c.o ABSOLUTE
    ..\\HARDWARE\\KEY\\key.c                 0x00000000   Number         0  key.o ABSOLUTE
    ..\\HARDWARE\\LCD\\lcd.c                 0x00000000   Number         0  lcd.o ABSOLUTE
    ..\\HARDWARE\\LED\\led.c                 0x00000000   Number         0  led.o ABSOLUTE
    ..\\HARDWARE\\MPU6050\\mpu6050.c         0x00000000   Number         0  mpu6050.o ABSOLUTE
    ..\\HARDWARE\\MS5611\\MS5611.c           0x00000000   Number         0  ms5611.o ABSOLUTE
    ..\\HARDWARE\\NRF24L01\\24l01.c          0x00000000   Number         0  24l01.o ABSOLUTE
    ..\\HARDWARE\\SPI\\spi.c                 0x00000000   Number         0  spi.o ABSOLUTE
    ..\\HARDWARE\\TIMER\\timer.c             0x00000000   Number         0  timer.o ABSOLUTE
    ..\\SYSTEM\\delay\\delay.c               0x00000000   Number         0  delay.o ABSOLUTE
    ..\\SYSTEM\\sys\\sys.c                   0x00000000   Number         0  sys.o ABSOLUTE
    ..\\SYSTEM\\usart\\usart.c               0x00000000   Number         0  usart.o ABSOLUTE
    dc.s                                     0x00000000   Number         0  dc.o ABSOLUTE
    main.c                                   0x00000000   Number         0  main.o ABSOLUTE
    main.c                                   0x00000000   Number         0  main.o ABSOLUTE
    stm32f4xx_it.c                           0x00000000   Number         0  stm32f4xx_it.o ABSOLUTE
    stm32f4xx_it.c                           0x00000000   Number         0  stm32f4xx_it.o ABSOLUTE
    system_stm32f4xx.c                       0x00000000   Number         0  system_stm32f4xx.o ABSOLUTE
    system_stm32f4xx.c                       0x00000000   Number         0  system_stm32f4xx.o ABSOLUTE
    RESET                                    0x08000000   Section      392  startup_stm32f40_41xxx.o(RESET)
    !!!main                                  0x08000188   Section        8  __main.o(!!!main)
    !!!scatter                               0x08000190   Section       52  __scatter.o(!!!scatter)
    !!handler_copy                           0x080001c4   Section       26  __scatter_copy.o(!!handler_copy)
    !!handler_zi                             0x080001e0   Section       28  __scatter_zi.o(!!handler_zi)
    .ARM.Collect$$libinit$$00000000          0x080001fc   Section        2  libinit.o(.ARM.Collect$$libinit$$00000000)
    .ARM.Collect$$libinit$$00000001          0x080001fe   Section        4  libinit2.o(.ARM.Collect$$libinit$$00000001)
    .ARM.Collect$$libinit$$00000004          0x08000202   Section        0  libinit2.o(.ARM.Collect$$libinit$$00000004)
    .ARM.Collect$$libinit$$0000000A          0x08000202   Section        0  libinit2.o(.ARM.Collect$$libinit$$0000000A)
    .ARM.Collect$$libinit$$0000000C          0x08000202   Section        0  libinit2.o(.ARM.Collect$$libinit$$0000000C)
    .ARM.Collect$$libinit$$0000000E          0x08000202   Section        0  libinit2.o(.ARM.Collect$$libinit$$0000000E)
    .ARM.Collect$$libinit$$00000011          0x08000202   Section        0  libinit2.o(.ARM.Collect$$libinit$$00000011)
    .ARM.Collect$$libinit$$00000013          0x08000202   Section        0  libinit2.o(.ARM.Collect$$libinit$$00000013)
    .ARM.Collect$$libinit$$00000015          0x08000202   Section        0  libinit2.o(.ARM.Collect$$libinit$$00000015)
    .ARM.Collect$$libinit$$00000017          0x08000202   Section        0  libinit2.o(.ARM.Collect$$libinit$$00000017)
    .ARM.Collect$$libinit$$00000019          0x08000202   Section        0  libinit2.o(.ARM.Collect$$libinit$$00000019)
    .ARM.Collect$$libinit$$0000001B          0x08000202   Section        0  libinit2.o(.ARM.Collect$$libinit$$0000001B)
    .ARM.Collect$$libinit$$0000001D          0x08000202   Section        0  libinit2.o(.ARM.Collect$$libinit$$0000001D)
    .ARM.Collect$$libinit$$0000001F          0x08000202   Section        0  libinit2.o(.ARM.Collect$$libinit$$0000001F)
    .ARM.Collect$$libinit$$00000021          0x08000202   Section        0  libinit2.o(.ARM.Collect$$libinit$$00000021)
    .ARM.Collect$$libinit$$00000023          0x08000202   Section        0  libinit2.o(.ARM.Collect$$libinit$$00000023)
    .ARM.Collect$$libinit$$00000025          0x08000202   Section        0  libinit2.o(.ARM.Collect$$libinit$$00000025)
    .ARM.Collect$$libinit$$0000002C          0x08000202   Section        0  libinit2.o(.ARM.Collect$$libinit$$0000002C)
    .ARM.Collect$$libinit$$0000002E          0x08000202   Section        0  libinit2.o(.ARM.Collect$$libinit$$0000002E)
    .ARM.Collect$$libinit$$00000030          0x08000202   Section        0  libinit2.o(.ARM.Collect$$libinit$$00000030)
    .ARM.Collect$$libinit$$00000032          0x08000202   Section        0  libinit2.o(.ARM.Collect$$libinit$$00000032)
    .ARM.Collect$$libinit$$00000033          0x08000202   Section        2  libinit2.o(.ARM.Collect$$libinit$$00000033)
    .ARM.Collect$$libshutdown$$00000000      0x08000204   Section        2  libshutdown.o(.ARM.Collect$$libshutdown$$00000000)
    .ARM.Collect$$libshutdown$$00000003      0x08000206   Section        0  libshutdown2.o(.ARM.Collect$$libshutdown$$00000003)
    .ARM.Collect$$libshutdown$$00000006      0x08000206   Section        0  libshutdown2.o(.ARM.Collect$$libshutdown$$00000006)
    .ARM.Collect$$libshutdown$$00000009      0x08000206   Section        0  libshutdown2.o(.ARM.Collect$$libshutdown$$00000009)
    .ARM.Collect$$libshutdown$$0000000B      0x08000206   Section        0  libshutdown2.o(.ARM.Collect$$libshutdown$$0000000B)
    .ARM.Collect$$libshutdown$$0000000E      0x08000206   Section        0  libshutdown2.o(.ARM.Collect$$libshutdown$$0000000E)
    .ARM.Collect$$libshutdown$$0000000F      0x08000206   Section        2  libshutdown2.o(.ARM.Collect$$libshutdown$$0000000F)
    .ARM.Collect$$rtentry$$00000000          0x08000208   Section        0  __rtentry.o(.ARM.Collect$$rtentry$$00000000)
    .ARM.Collect$$rtentry$$00000002          0x08000208   Section        0  __rtentry2.o(.ARM.Collect$$rtentry$$00000002)
    .ARM.Collect$$rtentry$$00000004          0x08000208   Section        6  __rtentry4.o(.ARM.Collect$$rtentry$$00000004)
    .ARM.Collect$$rtentry$$00000009          0x0800020e   Section        0  __rtentry2.o(.ARM.Collect$$rtentry$$00000009)
    .ARM.Collect$$rtentry$$0000000A          0x0800020e   Section        4  __rtentry2.o(.ARM.Collect$$rtentry$$0000000A)
    .ARM.Collect$$rtentry$$0000000C          0x08000212   Section        0  __rtentry2.o(.ARM.Collect$$rtentry$$0000000C)
    .ARM.Collect$$rtentry$$0000000D          0x08000212   Section        8  __rtentry2.o(.ARM.Collect$$rtentry$$0000000D)
    .ARM.Collect$$rtexit$$00000000           0x0800021a   Section        2  rtexit.o(.ARM.Collect$$rtexit$$00000000)
    .ARM.Collect$$rtexit$$00000002           0x0800021c   Section        0  rtexit2.o(.ARM.Collect$$rtexit$$00000002)
    .ARM.Collect$$rtexit$$00000003           0x0800021c   Section        4  rtexit2.o(.ARM.Collect$$rtexit$$00000003)
    .ARM.Collect$$rtexit$$00000004           0x08000220   Section        6  rtexit2.o(.ARM.Collect$$rtexit$$00000004)
    .text                                    0x08000228   Section        0  main.o(.text)
    .text                                    0x08000384   Section        0  stm32f4xx_it.o(.text)
    .text                                    0x080003a0   Section        0  system_stm32f4xx.o(.text)
    SetSysClock                              0x080003a1   Thumb Code   220  system_stm32f4xx.o(.text)
    .text                                    0x080005b0   Section        0  spi.o(.text)
    .text                                    0x080007ec   Section        0  24l01.o(.text)
    .text                                    0x08000b54   Section        0  i2c.o(.text)
    .text                                    0x08000e90   Section        0  mpu6050.o(.text)
    .text                                    0x08001264   Section        0  basefilter.o(.text)
    .text                                    0x080012e0   Section        0  ms5611.o(.text)
    MS5611_CRC                               0x0800139d   Thumb Code   116  ms5611.o(.text)
    .text                                    0x08001a14   Section        0  timer.o(.text)
    .text                                    0x08001b78   Section        0  ak8975.o(.text)
    .text                                    0x08001d8c   Section        0  delay.o(.text)
    .text                                    0x08001e90   Section        0  usart.o(.text)
    .text                                    0x08002050   Section       64  startup_stm32f40_41xxx.o(.text)
    $v0                                      0x08002050   Number         0  startup_stm32f40_41xxx.o(.text)
    .text                                    0x08002090   Section        0  misc.o(.text)
    .text                                    0x08002170   Section        0  stm32f4xx_gpio.o(.text)
    .text                                    0x08002404   Section        0  stm32f4xx_rcc.o(.text)
    .text                                    0x08002a60   Section        0  stm32f4xx_spi.o(.text)
    .text                                    0x08002ee0   Section        0  stm32f4xx_usart.o(.text)
    .text                                    0x08003334   Section        2  use_no_semi_2.o(.text)
    .text                                    0x08003336   Section        0  heapauxi.o(.text)
    .text                                    0x0800333c   Section        2  use_no_semi.o(.text)
    .text                                    0x0800333e   Section        0  _rserrno.o(.text)
    .text                                    0x08003354   Section        8  rt_errno_addr_intlibspace.o(.text)
    .text                                    0x0800335c   Section        8  libspace.o(.text)
    .text                                    0x08003364   Section       74  sys_stackheap_outer.o(.text)
    .text                                    0x080033ae   Section        0  exit.o(.text)
    i.__ARM_fpclassify                       0x080033ba   Section        0  fpclassify.o(i.__ARM_fpclassify)
    i.__ARM_isnanf                           0x080033ea   Section        0  ms5611.o(i.__ARM_isnanf)
    i.__hardfp_pow                           0x080033f8   Section        0  pow.o(i.__hardfp_pow)
    i.__kernel_poly                          0x08004030   Section        0  poly.o(i.__kernel_poly)
    i.__mathlib_dbl_divzero                  0x08004128   Section        0  dunder.o(i.__mathlib_dbl_divzero)
    i.__mathlib_dbl_infnan2                  0x08004158   Section        0  dunder.o(i.__mathlib_dbl_infnan2)
    i.__mathlib_dbl_invalid                  0x08004170   Section        0  dunder.o(i.__mathlib_dbl_invalid)
    i.__mathlib_dbl_overflow                 0x08004190   Section        0  dunder.o(i.__mathlib_dbl_overflow)
    i.__mathlib_dbl_underflow                0x080041b0   Section        0  dunder.o(i.__mathlib_dbl_underflow)
    i.fabs                                   0x080041d0   Section        0  fabs.o(i.fabs)
    i.sqrt                                   0x080041e8   Section        0  sqrt.o(i.sqrt)
    x$fpl$basic                              0x08004256   Section       24  basic.o(x$fpl$basic)
    $v0                                      0x08004256   Number         0  basic.o(x$fpl$basic)
    x$fpl$d2f                                0x08004270   Section       98  d2f.o(x$fpl$d2f)
    $v0                                      0x08004270   Number         0  d2f.o(x$fpl$d2f)
    x$fpl$dadd                               0x080042d4   Section      336  daddsub_clz.o(x$fpl$dadd)
    $v0                                      0x080042d4   Number         0  daddsub_clz.o(x$fpl$dadd)
    _dadd1                                   0x080042e5   Thumb Code     0  daddsub_clz.o(x$fpl$dadd)
    x$fpl$dcheck1                            0x08004424   Section       16  dcheck1.o(x$fpl$dcheck1)
    $v0                                      0x08004424   Number         0  dcheck1.o(x$fpl$dcheck1)
    x$fpl$dcmpinf                            0x08004434   Section       24  dcmpi.o(x$fpl$dcmpinf)
    $v0                                      0x08004434   Number         0  dcmpi.o(x$fpl$dcmpinf)
    x$fpl$ddiv                               0x0800444c   Section      688  ddiv.o(x$fpl$ddiv)
    $v0                                      0x0800444c   Number         0  ddiv.o(x$fpl$ddiv)
    ddiv_entry                               0x08004453   Thumb Code     0  ddiv.o(x$fpl$ddiv)
    x$fpl$dflt                               0x080046fc   Section       46  dflt_clz.o(x$fpl$dflt)
    $v0                                      0x080046fc   Number         0  dflt_clz.o(x$fpl$dflt)
    x$fpl$dfltll                             0x0800472c   Section      162  dfltll_clz.o(x$fpl$dfltll)
    $v0                                      0x0800472c   Number         0  dfltll_clz.o(x$fpl$dfltll)
    x$fpl$dleqf                              0x080047d0   Section      120  dleqf.o(x$fpl$dleqf)
    $v0                                      0x080047d0   Number         0  dleqf.o(x$fpl$dleqf)
    x$fpl$dmul                               0x08004848   Section      340  dmul.o(x$fpl$dmul)
    $v0                                      0x08004848   Number         0  dmul.o(x$fpl$dmul)
    x$fpl$dnaninf                            0x0800499c   Section      156  dnaninf.o(x$fpl$dnaninf)
    $v0                                      0x0800499c   Number         0  dnaninf.o(x$fpl$dnaninf)
    x$fpl$dretinf                            0x08004a38   Section       12  dretinf.o(x$fpl$dretinf)
    $v0                                      0x08004a38   Number         0  dretinf.o(x$fpl$dretinf)
    x$fpl$drleqf                             0x08004a44   Section      108  drleqf.o(x$fpl$drleqf)
    $v0                                      0x08004a44   Number         0  drleqf.o(x$fpl$drleqf)
    x$fpl$drsb                               0x08004ab0   Section       22  daddsub_clz.o(x$fpl$drsb)
    $v0                                      0x08004ab0   Number         0  daddsub_clz.o(x$fpl$drsb)
    x$fpl$dsqrt                              0x08004ac8   Section      408  dsqrt_umaal.o(x$fpl$dsqrt)
    $v0                                      0x08004ac8   Number         0  dsqrt_umaal.o(x$fpl$dsqrt)
    x$fpl$dsub                               0x08004c60   Section      468  daddsub_clz.o(x$fpl$dsub)
    $v0                                      0x08004c60   Number         0  daddsub_clz.o(x$fpl$dsub)
    _dsub1                                   0x08004c71   Thumb Code     0  daddsub_clz.o(x$fpl$dsub)
    x$fpl$fpinit                             0x08004e34   Section       10  fpinit.o(x$fpl$fpinit)
    $v0                                      0x08004e34   Number         0  fpinit.o(x$fpl$fpinit)
    x$fpl$fretinf                            0x08004e3e   Section       10  fretinf.o(x$fpl$fretinf)
    $v0                                      0x08004e3e   Number         0  fretinf.o(x$fpl$fretinf)
    x$fpl$retnan                             0x08004e48   Section      100  retnan.o(x$fpl$retnan)
    $v0                                      0x08004e48   Number         0  retnan.o(x$fpl$retnan)
    x$fpl$scalbn                             0x08004eac   Section       92  scalbn.o(x$fpl$scalbn)
    $v0                                      0x08004eac   Number         0  scalbn.o(x$fpl$scalbn)
    x$fpl$trapveneer                         0x08004f08   Section       48  trapv.o(x$fpl$trapveneer)
    $v0                                      0x08004f08   Number         0  trapv.o(x$fpl$trapveneer)
    .constdata                               0x08004f38   Section       10  24l01.o(.constdata)
    x$fpl$usenofp                            0x08004f38   Section        0  usenofp.o(x$fpl$usenofp)
    .constdata                               0x08004f48   Section      136  pow.o(.constdata)
    bp                                       0x08004f48   Data          16  pow.o(.constdata)
    dp_h                                     0x08004f58   Data          16  pow.o(.constdata)
    dp_l                                     0x08004f68   Data          16  pow.o(.constdata)
    L                                        0x08004f78   Data          48  pow.o(.constdata)
    P                                        0x08004fa8   Data          40  pow.o(.constdata)
    .constdata                               0x08004fd0   Section        8  qnan.o(.constdata)
    .data                                    0x20000000   Section       10  main.o(.data)
    .data                                    0x2000000c   Section       20  system_stm32f4xx.o(.data)
    .data                                    0x20000020   Section        4  spi.o(.data)
    .data                                    0x20000024   Section        4  i2c.o(.data)
    .data                                    0x20000028   Section       12  mpu6050.o(.data)
    .data                                    0x20000034   Section       52  ms5611.o(.data)
    altitude                                 0x2000004c   Data           4  ms5611.o(.data)
    altitude_last                            0x20000050   Data           4  ms5611.o(.data)
    MS5611_count                             0x20000054   Data           1  ms5611.o(.data)
    time_now                                 0x20000058   Data           4  ms5611.o(.data)
    time_last                                0x2000005c   Data           4  ms5611.o(.data)
    first_run                                0x20000060   Data           1  ms5611.o(.data)
    convert_dt                               0x20000064   Data           4  ms5611.o(.data)
    .data                                    0x20000068   Section       12  ak8975.o(.data)
    .data                                    0x20000074   Section        4  delay.o(.data)
    fac_us                                   0x20000074   Data           1  delay.o(.data)
    fac_ms                                   0x20000076   Data           2  delay.o(.data)
    .data                                    0x20000078   Section       10  usart.o(.data)
    .data                                    0x20000082   Section       16  stm32f4xx_rcc.o(.data)
    APBAHBPrescTable                         0x20000082   Data          16  stm32f4xx_rcc.o(.data)
    .bss                                     0x20000094   Section       14  main.o(.bss)
    .bss                                     0x200000a4   Section      156  mpu6050.o(.bss)
    .bss                                     0x20000140   Section       72  ms5611.o(.bss)
    .bss                                     0x20000188   Section       12  ak8975.o(.bss)
    .bss                                     0x20000194   Section      200  usart.o(.bss)
    .bss                                     0x2000025c   Section       96  libspace.o(.bss)
    HEAP                                     0x200002c0   Section      512  startup_stm32f40_41xxx.o(HEAP)
    Heap_Mem                                 0x200002c0   Data         512  startup_stm32f40_41xxx.o(HEAP)
    STACK                                    0x200004c0   Section     1024  startup_stm32f40_41xxx.o(STACK)
    Stack_Mem                                0x200004c0   Data        1024  startup_stm32f40_41xxx.o(STACK)
    __initial_sp                             0x200008c0   Data           0  startup_stm32f40_41xxx.o(STACK)

    Global Symbols

    Symbol Name                              Value     Ov Type        Size  Object(Section)

    BuildAttributes$$THM_ISAv4$E$P$D$K$B$S$7EM$VFPi3$EXTD16$VFPS$VFMA$PE$A:L22UL41UL21$X:L11$S22US41US21$IEEE1$IW$USESV6$~STKCKD$USESV7$~SHL$OTIME$ROPI$IEEEX$EBA8$UX$STANDARDLIB$REQ8$PRES8$EABIv2 0x00000000   Number         0  anon$$obj.o ABSOLUTE
    __ARM_use_no_argv                        0x00000000   Number         0  main.o ABSOLUTE
    __ARM_exceptions_init                     - Undefined Weak Reference
    __alloca_initialize                       - Undefined Weak Reference
    __arm_preinit_                            - Undefined Weak Reference
    __cpp_initialize__aeabi_                  - Undefined Weak Reference
    __cxa_finalize                            - Undefined Weak Reference
    __rt_locale                               - Undefined Weak Reference
    __sigvec_lookup                           - Undefined Weak Reference
    _atexit_init                              - Undefined Weak Reference
    _call_atexit_fns                          - Undefined Weak Reference
    _clock_init                               - Undefined Weak Reference
    _fp_trap_init                             - Undefined Weak Reference
    _fp_trap_shutdown                         - Undefined Weak Reference
    _get_lc_collate                           - Undefined Weak Reference
    _get_lc_ctype                             - Undefined Weak Reference
    _get_lc_monetary                          - Undefined Weak Reference
    _get_lc_numeric                           - Undefined Weak Reference
    _get_lc_time                              - Undefined Weak Reference
    _getenv_init                              - Undefined Weak Reference
    _handle_redirection                       - Undefined Weak Reference
    _init_alloc                               - Undefined Weak Reference
    _init_user_alloc                          - Undefined Weak Reference
    _initio                                   - Undefined Weak Reference
    _mutex_acquire                            - Undefined Weak Reference
    _mutex_release                            - Undefined Weak Reference
    _printf_post_padding                      - Undefined Weak Reference
    _printf_pre_padding                       - Undefined Weak Reference
    _printf_truncate_unsigned                 - Undefined Weak Reference
    _rand_init                                - Undefined Weak Reference
    _signal_finish                            - Undefined Weak Reference
    _signal_init                              - Undefined Weak Reference
    _terminate_alloc                          - Undefined Weak Reference
    _terminate_user_alloc                     - Undefined Weak Reference
    _terminateio                              - Undefined Weak Reference
    __Vectors_Size                           0x00000188   Number         0  startup_stm32f40_41xxx.o ABSOLUTE
    __Vectors                                0x08000000   Data           4  startup_stm32f40_41xxx.o(RESET)
    __Vectors_End                            0x08000188   Data           0  startup_stm32f40_41xxx.o(RESET)
    __main                                   0x08000189   Thumb Code     8  __main.o(!!!main)
    __scatterload                            0x08000191   Thumb Code     0  __scatter.o(!!!scatter)
    __scatterload_rt2                        0x08000191   Thumb Code    44  __scatter.o(!!!scatter)
    __scatterload_rt2_thumb_only             0x08000191   Thumb Code     0  __scatter.o(!!!scatter)
    __scatterload_null                       0x0800019f   Thumb Code     0  __scatter.o(!!!scatter)
    __scatterload_copy                       0x080001c5   Thumb Code    26  __scatter_copy.o(!!handler_copy)
    __scatterload_zeroinit                   0x080001e1   Thumb Code    28  __scatter_zi.o(!!handler_zi)
    __rt_lib_init                            0x080001fd   Thumb Code     0  libinit.o(.ARM.Collect$$libinit$$00000000)
    __rt_lib_init_fp_1                       0x080001ff   Thumb Code     0  libinit2.o(.ARM.Collect$$libinit$$00000001)
    __rt_lib_init_alloca_1                   0x08000203   Thumb Code     0  libinit2.o(.ARM.Collect$$libinit$$0000002E)
    __rt_lib_init_argv_1                     0x08000203   Thumb Code     0  libinit2.o(.ARM.Collect$$libinit$$0000002C)
    __rt_lib_init_atexit_1                   0x08000203   Thumb Code     0  libinit2.o(.ARM.Collect$$libinit$$0000001B)
    __rt_lib_init_clock_1                    0x08000203   Thumb Code     0  libinit2.o(.ARM.Collect$$libinit$$00000021)
    __rt_lib_init_cpp_1                      0x08000203   Thumb Code     0  libinit2.o(.ARM.Collect$$libinit$$00000032)
    __rt_lib_init_exceptions_1               0x08000203   Thumb Code     0  libinit2.o(.ARM.Collect$$libinit$$00000030)
    __rt_lib_init_fp_trap_1                  0x08000203   Thumb Code     0  libinit2.o(.ARM.Collect$$libinit$$0000001F)
    __rt_lib_init_getenv_1                   0x08000203   Thumb Code     0  libinit2.o(.ARM.Collect$$libinit$$00000023)
    __rt_lib_init_heap_1                     0x08000203   Thumb Code     0  libinit2.o(.ARM.Collect$$libinit$$0000000A)
    __rt_lib_init_lc_collate_1               0x08000203   Thumb Code     0  libinit2.o(.ARM.Collect$$libinit$$00000011)
    __rt_lib_init_lc_ctype_1                 0x08000203   Thumb Code     0  libinit2.o(.ARM.Collect$$libinit$$00000013)
    __rt_lib_init_lc_monetary_1              0x08000203   Thumb Code     0  libinit2.o(.ARM.Collect$$libinit$$00000015)
    __rt_lib_init_lc_numeric_1               0x08000203   Thumb Code     0  libinit2.o(.ARM.Collect$$libinit$$00000017)
    __rt_lib_init_lc_time_1                  0x08000203   Thumb Code     0  libinit2.o(.ARM.Collect$$libinit$$00000019)
    __rt_lib_init_preinit_1                  0x08000203   Thumb Code     0  libinit2.o(.ARM.Collect$$libinit$$00000004)
    __rt_lib_init_rand_1                     0x08000203   Thumb Code     0  libinit2.o(.ARM.Collect$$libinit$$0000000E)
    __rt_lib_init_return                     0x08000203   Thumb Code     0  libinit2.o(.ARM.Collect$$libinit$$00000033)
    __rt_lib_init_signal_1                   0x08000203   Thumb Code     0  libinit2.o(.ARM.Collect$$libinit$$0000001D)
    __rt_lib_init_stdio_1                    0x08000203   Thumb Code     0  libinit2.o(.ARM.Collect$$libinit$$00000025)
    __rt_lib_init_user_alloc_1               0x08000203   Thumb Code     0  libinit2.o(.ARM.Collect$$libinit$$0000000C)
    __rt_lib_shutdown                        0x08000205   Thumb Code     0  libshutdown.o(.ARM.Collect$$libshutdown$$00000000)
    __rt_lib_shutdown_fp_trap_1              0x08000207   Thumb Code     0  libshutdown2.o(.ARM.Collect$$libshutdown$$00000006)
    __rt_lib_shutdown_heap_1                 0x08000207   Thumb Code     0  libshutdown2.o(.ARM.Collect$$libshutdown$$0000000E)
    __rt_lib_shutdown_return                 0x08000207   Thumb Code     0  libshutdown2.o(.ARM.Collect$$libshutdown$$0000000F)
    __rt_lib_shutdown_signal_1               0x08000207   Thumb Code     0  libshutdown2.o(.ARM.Collect$$libshutdown$$00000009)
    __rt_lib_shutdown_stdio_1                0x08000207   Thumb Code     0  libshutdown2.o(.ARM.Collect$$libshutdown$$00000003)
    __rt_lib_shutdown_user_alloc_1           0x08000207   Thumb Code     0  libshutdown2.o(.ARM.Collect$$libshutdown$$0000000B)
    __rt_entry                               0x08000209   Thumb Code     0  __rtentry.o(.ARM.Collect$$rtentry$$00000000)
    __rt_entry_presh_1                       0x08000209   Thumb Code     0  __rtentry2.o(.ARM.Collect$$rtentry$$00000002)
    __rt_entry_sh                            0x08000209   Thumb Code     0  __rtentry4.o(.ARM.Collect$$rtentry$$00000004)
    __rt_entry_li                            0x0800020f   Thumb Code     0  __rtentry2.o(.ARM.Collect$$rtentry$$0000000A)
    __rt_entry_postsh_1                      0x0800020f   Thumb Code     0  __rtentry2.o(.ARM.Collect$$rtentry$$00000009)
    __rt_entry_main                          0x08000213   Thumb Code     0  __rtentry2.o(.ARM.Collect$$rtentry$$0000000D)
    __rt_entry_postli_1                      0x08000213   Thumb Code     0  __rtentry2.o(.ARM.Collect$$rtentry$$0000000C)
    __rt_exit                                0x0800021b   Thumb Code     0  rtexit.o(.ARM.Collect$$rtexit$$00000000)
    __rt_exit_ls                             0x0800021d   Thumb Code     0  rtexit2.o(.ARM.Collect$$rtexit$$00000003)
    __rt_exit_prels_1                        0x0800021d   Thumb Code     0  rtexit2.o(.ARM.Collect$$rtexit$$00000002)
    __rt_exit_exit                           0x08000221   Thumb Code     0  rtexit2.o(.ARM.Collect$$rtexit$$00000004)
    main                                     0x08000229   Thumb Code   334  main.o(.text)
    NMI_Handler                              0x08000385   Thumb Code     2  stm32f4xx_it.o(.text)
    HardFault_Handler                        0x08000387   Thumb Code     4  stm32f4xx_it.o(.text)
    MemManage_Handler                        0x0800038b   Thumb Code     4  stm32f4xx_it.o(.text)
    BusFault_Handler                         0x0800038f   Thumb Code     4  stm32f4xx_it.o(.text)
    UsageFault_Handler                       0x08000393   Thumb Code     4  stm32f4xx_it.o(.text)
    SVC_Handler                              0x08000397   Thumb Code     2  stm32f4xx_it.o(.text)
    DebugMon_Handler                         0x08000399   Thumb Code     2  stm32f4xx_it.o(.text)
    PendSV_Handler                           0x0800039b   Thumb Code     2  stm32f4xx_it.o(.text)
    SysTick_Handler                          0x0800039d   Thumb Code     2  stm32f4xx_it.o(.text)
    SystemInit                               0x0800047d   Thumb Code    88  system_stm32f4xx.o(.text)
    SystemCoreClockUpdate                    0x080004d5   Thumb Code   174  system_stm32f4xx.o(.text)
    SPI1_Init                                0x080005b1   Thumb Code   168  spi.o(.text)
    SPI1_ReadWriteByte                       0x08000659   Thumb Code   110  spi.o(.text)
    SPI2_ReadWriteByte                       0x080006c7   Thumb Code    50  spi.o(.text)
    SPI2_Init                                0x080006f9   Thumb Code   188  spi.o(.text)
    SPI2_SetSpeed                            0x080007b5   Thumb Code    36  spi.o(.text)
    NRF24L01_SPI_Init                        0x080007ed   Thumb Code    86  24l01.o(.text)
    NRF24L01_Init                            0x08000843   Thumb Code   178  24l01.o(.text)
    NRF24L01_Read_Buf                        0x080008f5   Thumb Code    56  24l01.o(.text)
    NRF24L01_Write_Buf                       0x0800092d   Thumb Code    56  24l01.o(.text)
    NRF24L01_Check                           0x08000965   Thumb Code    72  24l01.o(.text)
    NRF24L01_Write_Reg                       0x080009ad   Thumb Code    38  24l01.o(.text)
    NRF24L01_Read_Reg                        0x080009d3   Thumb Code    36  24l01.o(.text)
    NRF24L01_TxPacket                        0x080009f7   Thumb Code    94  24l01.o(.text)
    NRF24L01_RxPacket                        0x08000a55   Thumb Code    58  24l01.o(.text)
    NRF24L01_RX_Mode                         0x08000a8f   Thumb Code    76  24l01.o(.text)
    NRF24L01_TX_Mode                         0x08000adb   Thumb Code    78  24l01.o(.text)
    i2cdevInit                               0x08000b55   Thumb Code    72  i2c.o(.text)
    IIC_Start                                0x08000b9d   Thumb Code    68  i2c.o(.text)
    IIC_Stop                                 0x08000be1   Thumb Code    62  i2c.o(.text)
    IIC_Wait_Ack                             0x08000c1f   Thumb Code    82  i2c.o(.text)
    IIC_Ack                                  0x08000c71   Thumb Code    66  i2c.o(.text)
    IIC_NAck                                 0x08000cb3   Thumb Code    66  i2c.o(.text)
    IIC_Send_Byte                            0x08000cf5   Thumb Code    90  i2c.o(.text)
    IIC_Read_Byte                            0x08000d4f   Thumb Code    94  i2c.o(.text)
    i2cWriteByte                             0x08000dad   Thumb Code    60  i2c.o(.text)
    i2cReadBytes                             0x08000de9   Thumb Code   152  i2c.o(.text)
    MPU6050_ACC_Filter_Init                  0x08000e91   Thumb Code    76  mpu6050.o(.text)
    MPU6050_Init                             0x08000edd   Thumb Code   114  mpu6050.o(.text)
    Gyro_Get_Offset                          0x08000f4f   Thumb Code    32  mpu6050.o(.text)
    MPU6050_Get_Motion6                      0x08000f6f   Thumb Code   698  mpu6050.o(.text)
    SildeMeanFilter                          0x08001265   Thumb Code   122  basefilter.o(.text)
    MS5611_CS_HIGH                           0x080012e1   Thumb Code    12  ms5611.o(.text)
    MS5611_CS_LOW                            0x080012ed   Thumb Code    12  ms5611.o(.text)
    MS5611_CS_Config                         0x080012f9   Thumb Code    56  ms5611.o(.text)
    MS5611_get_C_value                       0x08001331   Thumb Code   108  ms5611.o(.text)
    MS5611_convert_D1                        0x08001411   Thumb Code    62  ms5611.o(.text)
    MS5611_convert_D2                        0x0800144f   Thumb Code    62  ms5611.o(.text)
    MS5611_Init                              0x0800148d   Thumb Code   154  ms5611.o(.text)
    MS5611_read_ADC                          0x08001527   Thumb Code   108  ms5611.o(.text)
    MS5611_calculate                         0x08001593   Thumb Code   714  ms5611.o(.text)
    MS5611_get_height                        0x0800185d   Thumb Code   312  ms5611.o(.text)
    get_alt_baro_ground                      0x08001995   Thumb Code    32  ms5611.o(.text)
    TIM5_Init                                0x08001a15   Thumb Code     2  timer.o(.text)
    micros                                   0x08001a17   Thumb Code     2  timer.o(.text)
    get_dt_in_micros                         0x08001a19   Thumb Code    46  timer.o(.text)
    get_dt_in_millis                         0x08001a47   Thumb Code    82  timer.o(.text)
    get_dt_in_seconds                        0x08001a99   Thumb Code    82  timer.o(.text)
    calculate_dt_in_micros                   0x08001aeb   Thumb Code    20  timer.o(.text)
    calculate_dt_in_mills                    0x08001aff   Thumb Code    56  timer.o(.text)
    calculate_dt_in_seconds                  0x08001b37   Thumb Code    56  timer.o(.text)
    AK8975_CS_HIGH                           0x08001b79   Thumb Code    14  ak8975.o(.text)
    AK8975_CS_LOW                            0x08001b87   Thumb Code    14  ak8975.o(.text)
    AK8975_Pin_Init                          0x08001b95   Thumb Code    78  ak8975.o(.text)
    AK8975_Write_Reg                         0x08001be3   Thumb Code    36  ak8975.o(.text)
    AK8975_Read_Regs                         0x08001c07   Thumb Code    56  ak8975.o(.text)
    AK8975_Init                              0x08001c3f   Thumb Code    62  ak8975.o(.text)
    AK8975_Get_Magnetism                     0x08001c7d   Thumb Code   240  ak8975.o(.text)
    delay_init                               0x08001d8d   Thumb Code    52  delay.o(.text)
    delay_us                                 0x08001dc1   Thumb Code    72  delay.o(.text)
    delay_xms                                0x08001e09   Thumb Code    72  delay.o(.text)
    delay_ms                                 0x08001e51   Thumb Code    56  delay.o(.text)
    _sys_exit                                0x08001e91   Thumb Code     4  usart.o(.text)
    fputc                                    0x08001e95   Thumb Code    24  usart.o(.text)
    uart_init                                0x08001ead   Thumb Code   192  usart.o(.text)
    USART2_IRQHandler                        0x08001f6d   Thumb Code   210  usart.o(.text)
    Reset_Handler                            0x08002051   Thumb Code     8  startup_stm32f40_41xxx.o(.text)
    ADC_IRQHandler                           0x0800206b   Thumb Code     0  startup_stm32f40_41xxx.o(.text)
    CAN1_RX0_IRQHandler                      0x0800206b   Thumb Code     0  startup_stm32f40_41xxx.o(.text)
    CAN1_RX1_IRQHandler                      0x0800206b   Thumb Code     0  startup_stm32f40_41xxx.o(.text)
    CAN1_SCE_IRQHandler                      0x0800206b   Thumb Code     0  startup_stm32f40_41xxx.o(.text)
    CAN1_TX_IRQHandler                       0x0800206b   Thumb Code     0  startup_stm32f40_41xxx.o(.text)
    CAN2_RX0_IRQHandler                      0x0800206b   Thumb Code     0  startup_stm32f40_41xxx.o(.text)
    CAN2_RX1_IRQHandler                      0x0800206b   Thumb Code     0  startup_stm32f40_41xxx.o(.text)
    CAN2_SCE_IRQHandler                      0x0800206b   Thumb Code     0  startup_stm32f40_41xxx.o(.text)
    CAN2_TX_IRQHandler                       0x0800206b   Thumb Code     0  startup_stm32f40_41xxx.o(.text)
    CRYP_IRQHandler                          0x0800206b   Thumb Code     0  startup_stm32f40_41xxx.o(.text)
    DCMI_IRQHandler                          0x0800206b   Thumb Code     0  startup_stm32f40_41xxx.o(.text)
    DMA1_Stream0_IRQHandler                  0x0800206b   Thumb Code     0  startup_stm32f40_41xxx.o(.text)
    DMA1_Stream1_IRQHandler                  0x0800206b   Thumb Code     0  startup_stm32f40_41xxx.o(.text)
    DMA1_Stream2_IRQHandler                  0x0800206b   Thumb Code     0  startup_stm32f40_41xxx.o(.text)
    DMA1_Stream3_IRQHandler                  0x0800206b   Thumb Code     0  startup_stm32f40_41xxx.o(.text)
    DMA1_Stream4_IRQHandler                  0x0800206b   Thumb Code     0  startup_stm32f40_41xxx.o(.text)
    DMA1_Stream5_IRQHandler                  0x0800206b   Thumb Code     0  startup_stm32f40_41xxx.o(.text)
    DMA1_Stream6_IRQHandler                  0x0800206b   Thumb Code     0  startup_stm32f40_41xxx.o(.text)
    DMA1_Stream7_IRQHandler                  0x0800206b   Thumb Code     0  startup_stm32f40_41xxx.o(.text)
    DMA2_Stream0_IRQHandler                  0x0800206b   Thumb Code     0  startup_stm32f40_41xxx.o(.text)
    DMA2_Stream1_IRQHandler                  0x0800206b   Thumb Code     0  startup_stm32f40_41xxx.o(.text)
    DMA2_Stream2_IRQHandler                  0x0800206b   Thumb Code     0  startup_stm32f40_41xxx.o(.text)
    DMA2_Stream3_IRQHandler                  0x0800206b   Thumb Code     0  startup_stm32f40_41xxx.o(.text)
    DMA2_Stream4_IRQHandler                  0x0800206b   Thumb Code     0  startup_stm32f40_41xxx.o(.text)
    DMA2_Stream5_IRQHandler                  0x0800206b   Thumb Code     0  startup_stm32f40_41xxx.o(.text)
    DMA2_Stream6_IRQHandler                  0x0800206b   Thumb Code     0  startup_stm32f40_41xxx.o(.text)
    DMA2_Stream7_IRQHandler                  0x0800206b   Thumb Code     0  startup_stm32f40_41xxx.o(.text)
    ETH_IRQHandler                           0x0800206b   Thumb Code     0  startup_stm32f40_41xxx.o(.text)
    ETH_WKUP_IRQHandler                      0x0800206b   Thumb Code     0  startup_stm32f40_41xxx.o(.text)
    EXTI0_IRQHandler                         0x0800206b   Thumb Code     0  startup_stm32f40_41xxx.o(.text)
    EXTI15_10_IRQHandler                     0x0800206b   Thumb Code     0  startup_stm32f40_41xxx.o(.text)
    EXTI1_IRQHandler                         0x0800206b   Thumb Code     0  startup_stm32f40_41xxx.o(.text)
    EXTI2_IRQHandler                         0x0800206b   Thumb Code     0  startup_stm32f40_41xxx.o(.text)
    EXTI3_IRQHandler                         0x0800206b   Thumb Code     0  startup_stm32f40_41xxx.o(.text)
    EXTI4_IRQHandler                         0x0800206b   Thumb Code     0  startup_stm32f40_41xxx.o(.text)
    EXTI9_5_IRQHandler                       0x0800206b   Thumb Code     0  startup_stm32f40_41xxx.o(.text)
    FLASH_IRQHandler                         0x0800206b   Thumb Code     0  startup_stm32f40_41xxx.o(.text)
    FPU_IRQHandler                           0x0800206b   Thumb Code     0  startup_stm32f40_41xxx.o(.text)
    FSMC_IRQHandler                          0x0800206b   Thumb Code     0  startup_stm32f40_41xxx.o(.text)
    HASH_RNG_IRQHandler                      0x0800206b   Thumb Code     0  startup_stm32f40_41xxx.o(.text)
    I2C1_ER_IRQHandler                       0x0800206b   Thumb Code     0  startup_stm32f40_41xxx.o(.text)
    I2C1_EV_IRQHandler                       0x0800206b   Thumb Code     0  startup_stm32f40_41xxx.o(.text)
    I2C2_ER_IRQHandler                       0x0800206b   Thumb Code     0  startup_stm32f40_41xxx.o(.text)
    I2C2_EV_IRQHandler                       0x0800206b   Thumb Code     0  startup_stm32f40_41xxx.o(.text)
    I2C3_ER_IRQHandler                       0x0800206b   Thumb Code     0  startup_stm32f40_41xxx.o(.text)
    I2C3_EV_IRQHandler                       0x0800206b   Thumb Code     0  startup_stm32f40_41xxx.o(.text)
    OTG_FS_IRQHandler                        0x0800206b   Thumb Code     0  startup_stm32f40_41xxx.o(.text)
    OTG_FS_WKUP_IRQHandler                   0x0800206b   Thumb Code     0  startup_stm32f40_41xxx.o(.text)
    OTG_HS_EP1_IN_IRQHandler                 0x0800206b   Thumb Code     0  startup_stm32f40_41xxx.o(.text)
    OTG_HS_EP1_OUT_IRQHandler                0x0800206b   Thumb Code     0  startup_stm32f40_41xxx.o(.text)
    OTG_HS_IRQHandler                        0x0800206b   Thumb Code     0  startup_stm32f40_41xxx.o(.text)
    OTG_HS_WKUP_IRQHandler                   0x0800206b   Thumb Code     0  startup_stm32f40_41xxx.o(.text)
    PVD_IRQHandler                           0x0800206b   Thumb Code     0  startup_stm32f40_41xxx.o(.text)
    RCC_IRQHandler                           0x0800206b   Thumb Code     0  startup_stm32f40_41xxx.o(.text)
    RTC_Alarm_IRQHandler                     0x0800206b   Thumb Code     0  startup_stm32f40_41xxx.o(.text)
    RTC_WKUP_IRQHandler                      0x0800206b   Thumb Code     0  startup_stm32f40_41xxx.o(.text)
    SDIO_IRQHandler                          0x0800206b   Thumb Code     0  startup_stm32f40_41xxx.o(.text)
    SPI1_IRQHandler                          0x0800206b   Thumb Code     0  startup_stm32f40_41xxx.o(.text)
    SPI2_IRQHandler                          0x0800206b   Thumb Code     0  startup_stm32f40_41xxx.o(.text)
    SPI3_IRQHandler                          0x0800206b   Thumb Code     0  startup_stm32f40_41xxx.o(.text)
    TAMP_STAMP_IRQHandler                    0x0800206b   Thumb Code     0  startup_stm32f40_41xxx.o(.text)
    TIM1_BRK_TIM9_IRQHandler                 0x0800206b   Thumb Code     0  startup_stm32f40_41xxx.o(.text)
    TIM1_CC_IRQHandler                       0x0800206b   Thumb Code     0  startup_stm32f40_41xxx.o(.text)
    TIM1_TRG_COM_TIM11_IRQHandler            0x0800206b   Thumb Code     0  startup_stm32f40_41xxx.o(.text)
    TIM1_UP_TIM10_IRQHandler                 0x0800206b   Thumb Code     0  startup_stm32f40_41xxx.o(.text)
    TIM2_IRQHandler                          0x0800206b   Thumb Code     0  startup_stm32f40_41xxx.o(.text)
    TIM3_IRQHandler                          0x0800206b   Thumb Code     0  startup_stm32f40_41xxx.o(.text)
    TIM4_IRQHandler                          0x0800206b   Thumb Code     0  startup_stm32f40_41xxx.o(.text)
    TIM5_IRQHandler                          0x0800206b   Thumb Code     0  startup_stm32f40_41xxx.o(.text)
    TIM6_DAC_IRQHandler                      0x0800206b   Thumb Code     0  startup_stm32f40_41xxx.o(.text)
    TIM7_IRQHandler                          0x0800206b   Thumb Code     0  startup_stm32f40_41xxx.o(.text)
    TIM8_BRK_TIM12_IRQHandler                0x0800206b   Thumb Code     0  startup_stm32f40_41xxx.o(.text)
    TIM8_CC_IRQHandler                       0x0800206b   Thumb Code     0  startup_stm32f40_41xxx.o(.text)
    TIM8_TRG_COM_TIM14_IRQHandler            0x0800206b   Thumb Code     0  startup_stm32f40_41xxx.o(.text)
    TIM8_UP_TIM13_IRQHandler                 0x0800206b   Thumb Code     0  startup_stm32f40_41xxx.o(.text)
    UART4_IRQHandler                         0x0800206b   Thumb Code     0  startup_stm32f40_41xxx.o(.text)
    UART5_IRQHandler                         0x0800206b   Thumb Code     0  startup_stm32f40_41xxx.o(.text)
    USART1_IRQHandler                        0x0800206b   Thumb Code     0  startup_stm32f40_41xxx.o(.text)
    USART3_IRQHandler                        0x0800206b   Thumb Code     0  startup_stm32f40_41xxx.o(.text)
    USART6_IRQHandler                        0x0800206b   Thumb Code     0  startup_stm32f40_41xxx.o(.text)
    WWDG_IRQHandler                          0x0800206b   Thumb Code     0  startup_stm32f40_41xxx.o(.text)
    __user_initial_stackheap                 0x0800206d   Thumb Code     0  startup_stm32f40_41xxx.o(.text)
    NVIC_PriorityGroupConfig                 0x08002091   Thumb Code    10  misc.o(.text)
    NVIC_Init                                0x0800209b   Thumb Code   106  misc.o(.text)
    NVIC_SetVectorTable                      0x08002105   Thumb Code    14  misc.o(.text)
    NVIC_SystemLPConfig                      0x08002113   Thumb Code    34  misc.o(.text)
    SysTick_CLKSourceConfig                  0x08002135   Thumb Code    40  misc.o(.text)
    GPIO_DeInit                              0x08002171   Thumb Code   268  stm32f4xx_gpio.o(.text)
    GPIO_Init                                0x0800227d   Thumb Code   144  stm32f4xx_gpio.o(.text)
    GPIO_StructInit                          0x0800230d   Thumb Code    18  stm32f4xx_gpio.o(.text)
    GPIO_PinLockConfig                       0x0800231f   Thumb Code    34  stm32f4xx_gpio.o(.text)
    GPIO_ReadInputDataBit                    0x08002341   Thumb Code    18  stm32f4xx_gpio.o(.text)
    GPIO_ReadInputData                       0x08002353   Thumb Code     8  stm32f4xx_gpio.o(.text)
    GPIO_ReadOutputDataBit                   0x0800235b   Thumb Code    18  stm32f4xx_gpio.o(.text)
    GPIO_ReadOutputData                      0x0800236d   Thumb Code     8  stm32f4xx_gpio.o(.text)
    GPIO_SetBits                             0x08002375   Thumb Code     4  stm32f4xx_gpio.o(.text)
    GPIO_ResetBits                           0x08002379   Thumb Code     4  stm32f4xx_gpio.o(.text)
    GPIO_WriteBit                            0x0800237d   Thumb Code    10  stm32f4xx_gpio.o(.text)
    GPIO_Write                               0x08002387   Thumb Code     4  stm32f4xx_gpio.o(.text)
    GPIO_ToggleBits                          0x0800238b   Thumb Code     8  stm32f4xx_gpio.o(.text)
    GPIO_PinAFConfig                         0x08002393   Thumb Code    70  stm32f4xx_gpio.o(.text)
    RCC_DeInit                               0x08002405   Thumb Code    82  stm32f4xx_rcc.o(.text)
    RCC_HSEConfig                            0x08002457   Thumb Code    14  stm32f4xx_rcc.o(.text)
    RCC_GetFlagStatus                        0x08002465   Thumb Code    60  stm32f4xx_rcc.o(.text)
    RCC_WaitForHSEStartUp                    0x080024a1   Thumb Code    56  stm32f4xx_rcc.o(.text)
    RCC_AdjustHSICalibrationValue            0x080024d9   Thumb Code    20  stm32f4xx_rcc.o(.text)
    RCC_HSICmd                               0x080024ed   Thumb Code     6  stm32f4xx_rcc.o(.text)
    RCC_LSEConfig                            0x080024f3   Thumb Code    46  stm32f4xx_rcc.o(.text)
    RCC_LSICmd                               0x08002521   Thumb Code     6  stm32f4xx_rcc.o(.text)
    RCC_PLLConfig                            0x08002527   Thumb Code    32  stm32f4xx_rcc.o(.text)
    RCC_PLLCmd                               0x08002547   Thumb Code     6  stm32f4xx_rcc.o(.text)
    RCC_PLLI2SConfig                         0x0800254d   Thumb Code    14  stm32f4xx_rcc.o(.text)
    RCC_PLLI2SCmd                            0x0800255b   Thumb Code     6  stm32f4xx_rcc.o(.text)
    RCC_PLLSAIConfig                         0x08002561   Thumb Code    20  stm32f4xx_rcc.o(.text)
    RCC_PLLSAICmd                            0x08002575   Thumb Code     6  stm32f4xx_rcc.o(.text)
    RCC_ClockSecuritySystemCmd               0x0800257b   Thumb Code     6  stm32f4xx_rcc.o(.text)
    RCC_MCO1Config                           0x08002581   Thumb Code    28  stm32f4xx_rcc.o(.text)
    RCC_MCO2Config                           0x0800259d   Thumb Code    28  stm32f4xx_rcc.o(.text)
    RCC_SYSCLKConfig                         0x080025b9   Thumb Code    20  stm32f4xx_rcc.o(.text)
    RCC_GetSYSCLKSource                      0x080025cd   Thumb Code    12  stm32f4xx_rcc.o(.text)
    RCC_HCLKConfig                           0x080025d9   Thumb Code    20  stm32f4xx_rcc.o(.text)
    RCC_PCLK1Config                          0x080025ed   Thumb Code    20  stm32f4xx_rcc.o(.text)
    RCC_PCLK2Config                          0x08002601   Thumb Code    22  stm32f4xx_rcc.o(.text)
    RCC_GetClocksFreq                        0x08002617   Thumb Code   222  stm32f4xx_rcc.o(.text)
    RCC_RTCCLKConfig                         0x080026f5   Thumb Code    54  stm32f4xx_rcc.o(.text)
    RCC_RTCCLKCmd                            0x0800272b   Thumb Code     8  stm32f4xx_rcc.o(.text)
    RCC_BackupResetCmd                       0x08002733   Thumb Code     8  stm32f4xx_rcc.o(.text)
    RCC_I2SCLKConfig                         0x0800273b   Thumb Code     6  stm32f4xx_rcc.o(.text)
    RCC_SAIPLLI2SClkDivConfig                0x08002741   Thumb Code    26  stm32f4xx_rcc.o(.text)
    RCC_SAIPLLSAIClkDivConfig                0x0800275b   Thumb Code    28  stm32f4xx_rcc.o(.text)
    RCC_SAIBlockACLKConfig                   0x08002777   Thumb Code    20  stm32f4xx_rcc.o(.text)
    RCC_SAIBlockBCLKConfig                   0x0800278b   Thumb Code    20  stm32f4xx_rcc.o(.text)
    RCC_LTDCCLKDivConfig                     0x0800279f   Thumb Code    20  stm32f4xx_rcc.o(.text)
    RCC_TIMCLKPresConfig                     0x080027b3   Thumb Code     6  stm32f4xx_rcc.o(.text)
    RCC_AHB1PeriphClockCmd                   0x080027b9   Thumb Code    34  stm32f4xx_rcc.o(.text)
    RCC_AHB2PeriphClockCmd                   0x080027db   Thumb Code    78  stm32f4xx_rcc.o(.text)
    RCC_AHB3PeriphClockCmd                   0x08002829   Thumb Code    34  stm32f4xx_rcc.o(.text)
    RCC_APB1PeriphClockCmd                   0x0800284b   Thumb Code    34  stm32f4xx_rcc.o(.text)
    RCC_APB2PeriphClockCmd                   0x0800286d   Thumb Code    34  stm32f4xx_rcc.o(.text)
    RCC_AHB1PeriphResetCmd                   0x0800288f   Thumb Code    34  stm32f4xx_rcc.o(.text)
    RCC_AHB2PeriphResetCmd                   0x080028b1   Thumb Code    34  stm32f4xx_rcc.o(.text)
    RCC_AHB3PeriphResetCmd                   0x080028d3   Thumb Code    34  stm32f4xx_rcc.o(.text)
    RCC_APB1PeriphResetCmd                   0x080028f5   Thumb Code    34  stm32f4xx_rcc.o(.text)
    RCC_APB2PeriphResetCmd                   0x08002917   Thumb Code    34  stm32f4xx_rcc.o(.text)
    RCC_AHB1PeriphClockLPModeCmd             0x08002939   Thumb Code    34  stm32f4xx_rcc.o(.text)
    RCC_AHB2PeriphClockLPModeCmd             0x0800295b   Thumb Code    34  stm32f4xx_rcc.o(.text)
    RCC_AHB3PeriphClockLPModeCmd             0x0800297d   Thumb Code    34  stm32f4xx_rcc.o(.text)
    RCC_APB1PeriphClockLPModeCmd             0x0800299f   Thumb Code    34  stm32f4xx_rcc.o(.text)
    RCC_APB2PeriphClockLPModeCmd             0x080029c1   Thumb Code    34  stm32f4xx_rcc.o(.text)
    RCC_LSEModeConfig                        0x080029e3   Thumb Code    40  stm32f4xx_rcc.o(.text)
    RCC_ITConfig                             0x08002a0b   Thumb Code    34  stm32f4xx_rcc.o(.text)
    RCC_ClearFlag                            0x08002a2d   Thumb Code    18  stm32f4xx_rcc.o(.text)
    RCC_GetITStatus                          0x08002a3f   Thumb Code    22  stm32f4xx_rcc.o(.text)
    RCC_ClearITPendingBit                    0x08002a55   Thumb Code     8  stm32f4xx_rcc.o(.text)
    SPI_I2S_DeInit                           0x08002a61   Thumb Code   152  stm32f4xx_spi.o(.text)
    SPI_Init                                 0x08002af9   Thumb Code    60  stm32f4xx_spi.o(.text)
    I2S_Init                                 0x08002b35   Thumb Code   396  stm32f4xx_spi.o(.text)
    SPI_StructInit                           0x08002cc1   Thumb Code    24  stm32f4xx_spi.o(.text)
    I2S_StructInit                           0x08002cd9   Thumb Code    20  stm32f4xx_spi.o(.text)
    SPI_Cmd                                  0x08002ced   Thumb Code    24  stm32f4xx_spi.o(.text)
    I2S_Cmd                                  0x08002d05   Thumb Code    24  stm32f4xx_spi.o(.text)
    SPI_DataSizeConfig                       0x08002d1d   Thumb Code    18  stm32f4xx_spi.o(.text)
    SPI_BiDirectionalLineConfig              0x08002d2f   Thumb Code    28  stm32f4xx_spi.o(.text)
    SPI_NSSInternalSoftwareConfig            0x08002d4b   Thumb Code    30  stm32f4xx_spi.o(.text)
    SPI_SSOutputCmd                          0x08002d69   Thumb Code    24  stm32f4xx_spi.o(.text)
    SPI_TIModeCmd                            0x08002d81   Thumb Code    24  stm32f4xx_spi.o(.text)
    I2S_FullDuplexConfig                     0x08002d99   Thumb Code    80  stm32f4xx_spi.o(.text)
    SPI_I2S_ReceiveData                      0x08002de9   Thumb Code     6  stm32f4xx_spi.o(.text)
    SPI_I2S_SendData                         0x08002def   Thumb Code     4  stm32f4xx_spi.o(.text)
    SPI_CalculateCRC                         0x08002df3   Thumb Code    24  stm32f4xx_spi.o(.text)
    SPI_TransmitCRC                          0x08002e0b   Thumb Code    10  stm32f4xx_spi.o(.text)
    SPI_GetCRC                               0x08002e15   Thumb Code    16  stm32f4xx_spi.o(.text)
    SPI_GetCRCPolynomial                     0x08002e25   Thumb Code     6  stm32f4xx_spi.o(.text)
    SPI_I2S_DMACmd                           0x08002e2b   Thumb Code    18  stm32f4xx_spi.o(.text)
    SPI_I2S_ITConfig                         0x08002e3d   Thumb Code    68  stm32f4xx_spi.o(.text)
    SPI_I2S_GetFlagStatus                    0x08002e81   Thumb Code    18  stm32f4xx_spi.o(.text)
    SPI_I2S_ClearFlag                        0x08002e93   Thumb Code     6  stm32f4xx_spi.o(.text)
    SPI_I2S_GetITStatus                      0x08002e99   Thumb Code    52  stm32f4xx_spi.o(.text)
    SPI_I2S_ClearITPendingBit                0x08002ecd   Thumb Code    20  stm32f4xx_spi.o(.text)
    USART_DeInit                             0x08002ee1   Thumb Code   206  stm32f4xx_usart.o(.text)
    USART_Init                               0x08002faf   Thumb Code   204  stm32f4xx_usart.o(.text)
    USART_StructInit                         0x0800307b   Thumb Code    24  stm32f4xx_usart.o(.text)
    USART_ClockInit                          0x08003093   Thumb Code    32  stm32f4xx_usart.o(.text)
    USART_ClockStructInit                    0x080030b3   Thumb Code    12  stm32f4xx_usart.o(.text)
    USART_Cmd                                0x080030bf   Thumb Code    24  stm32f4xx_usart.o(.text)
    USART_SetPrescaler                       0x080030d7   Thumb Code    16  stm32f4xx_usart.o(.text)
    USART_OverSampling8Cmd                   0x080030e7   Thumb Code    22  stm32f4xx_usart.o(.text)
    USART_OneBitMethodCmd                    0x080030fd   Thumb Code    24  stm32f4xx_usart.o(.text)
    USART_SendData                           0x08003115   Thumb Code     8  stm32f4xx_usart.o(.text)
    USART_ReceiveData                        0x0800311d   Thumb Code    10  stm32f4xx_usart.o(.text)
    USART_SetAddress                         0x08003127   Thumb Code    18  stm32f4xx_usart.o(.text)
    USART_ReceiverWakeUpCmd                  0x08003139   Thumb Code    24  stm32f4xx_usart.o(.text)
    USART_WakeUpConfig                       0x08003151   Thumb Code    18  stm32f4xx_usart.o(.text)
    USART_LINBreakDetectLengthConfig         0x08003163   Thumb Code    18  stm32f4xx_usart.o(.text)
    USART_LINCmd                             0x08003175   Thumb Code    24  stm32f4xx_usart.o(.text)
    USART_SendBreak                          0x0800318d   Thumb Code    10  stm32f4xx_usart.o(.text)
    USART_HalfDuplexCmd                      0x08003197   Thumb Code    24  stm32f4xx_usart.o(.text)
    USART_SetGuardTime                       0x080031af   Thumb Code    16  stm32f4xx_usart.o(.text)
    USART_SmartCardCmd                       0x080031bf   Thumb Code    24  stm32f4xx_usart.o(.text)
    USART_SmartCardNACKCmd                   0x080031d7   Thumb Code    24  stm32f4xx_usart.o(.text)
    USART_IrDAConfig                         0x080031ef   Thumb Code    18  stm32f4xx_usart.o(.text)
    USART_IrDACmd                            0x08003201   Thumb Code    24  stm32f4xx_usart.o(.text)
    USART_DMACmd                             0x08003219   Thumb Code    18  stm32f4xx_usart.o(.text)
    USART_ITConfig                           0x0800322b   Thumb Code    74  stm32f4xx_usart.o(.text)
    USART_GetFlagStatus                      0x08003275   Thumb Code    26  stm32f4xx_usart.o(.text)
    USART_ClearFlag                          0x0800328f   Thumb Code    18  stm32f4xx_usart.o(.text)
    USART_GetITStatus                        0x080032a1   Thumb Code   118  stm32f4xx_usart.o(.text)
    USART_ClearITPendingBit                  0x08003317   Thumb Code    30  stm32f4xx_usart.o(.text)
    __use_no_semihosting                     0x08003335   Thumb Code     2  use_no_semi_2.o(.text)
    __use_two_region_memory                  0x08003337   Thumb Code     2  heapauxi.o(.text)
    __rt_heap_escrow$2region                 0x08003339   Thumb Code     2  heapauxi.o(.text)
    __rt_heap_expand$2region                 0x0800333b   Thumb Code     2  heapauxi.o(.text)
    __I$use$semihosting                      0x0800333d   Thumb Code     0  use_no_semi.o(.text)
    __use_no_semihosting_swi                 0x0800333d   Thumb Code     2  use_no_semi.o(.text)
    __read_errno                             0x0800333f   Thumb Code    10  _rserrno.o(.text)
    __set_errno                              0x08003349   Thumb Code    12  _rserrno.o(.text)
    __aeabi_errno_addr                       0x08003355   Thumb Code     8  rt_errno_addr_intlibspace.o(.text)
    __errno$intlibspace                      0x08003355   Thumb Code     0  rt_errno_addr_intlibspace.o(.text)
    __rt_errno_addr$intlibspace              0x08003355   Thumb Code     0  rt_errno_addr_intlibspace.o(.text)
    __user_libspace                          0x0800335d   Thumb Code     8  libspace.o(.text)
    __user_perproc_libspace                  0x0800335d   Thumb Code     0  libspace.o(.text)
    __user_perthread_libspace                0x0800335d   Thumb Code     0  libspace.o(.text)
    __user_setup_stackheap                   0x08003365   Thumb Code    74  sys_stackheap_outer.o(.text)
    exit                                     0x080033af   Thumb Code    12  exit.o(.text)
    __ARM_fpclassify                         0x080033bb   Thumb Code    48  fpclassify.o(i.__ARM_fpclassify)
    __ARM_isnanf                             0x080033eb   Thumb Code    14  ms5611.o(i.__ARM_isnanf)
    __hardfp_pow                             0x080033f9   Thumb Code  3044  pow.o(i.__hardfp_pow)
    __kernel_poly                            0x08004031   Thumb Code   248  poly.o(i.__kernel_poly)
    __mathlib_dbl_divzero                    0x08004129   Thumb Code    28  dunder.o(i.__mathlib_dbl_divzero)
    __mathlib_dbl_infnan2                    0x08004159   Thumb Code    20  dunder.o(i.__mathlib_dbl_infnan2)
    __mathlib_dbl_invalid                    0x08004171   Thumb Code    24  dunder.o(i.__mathlib_dbl_invalid)
    __mathlib_dbl_overflow                   0x08004191   Thumb Code    24  dunder.o(i.__mathlib_dbl_overflow)
    __mathlib_dbl_underflow                  0x080041b1   Thumb Code    24  dunder.o(i.__mathlib_dbl_underflow)
    fabs                                     0x080041d1   Thumb Code    24  fabs.o(i.fabs)
    sqrt                                     0x080041e9   Thumb Code   110  sqrt.o(i.sqrt)
    __aeabi_dneg                             0x08004257   Thumb Code     0  basic.o(x$fpl$basic)
    _dneg                                    0x08004257   Thumb Code     6  basic.o(x$fpl$basic)
    __aeabi_fneg                             0x0800425d   Thumb Code     0  basic.o(x$fpl$basic)
    _fneg                                    0x0800425d   Thumb Code     6  basic.o(x$fpl$basic)
    _dabs                                    0x08004263   Thumb Code     6  basic.o(x$fpl$basic)
    _fabs                                    0x08004269   Thumb Code     6  basic.o(x$fpl$basic)
    __aeabi_d2f                              0x08004271   Thumb Code     0  d2f.o(x$fpl$d2f)
    _d2f                                     0x08004271   Thumb Code    98  d2f.o(x$fpl$d2f)
    __aeabi_dadd                             0x080042d5   Thumb Code     0  daddsub_clz.o(x$fpl$dadd)
    _dadd                                    0x080042d5   Thumb Code   332  daddsub_clz.o(x$fpl$dadd)
    __fpl_dcheck_NaN1                        0x08004425   Thumb Code    10  dcheck1.o(x$fpl$dcheck1)
    __fpl_dcmp_Inf                           0x08004435   Thumb Code    24  dcmpi.o(x$fpl$dcmpinf)
    __aeabi_ddiv                             0x0800444d   Thumb Code     0  ddiv.o(x$fpl$ddiv)
    _ddiv                                    0x0800444d   Thumb Code   552  ddiv.o(x$fpl$ddiv)
    __aeabi_i2d                              0x080046fd   Thumb Code     0  dflt_clz.o(x$fpl$dflt)
    _dflt                                    0x080046fd   Thumb Code    46  dflt_clz.o(x$fpl$dflt)
    __aeabi_l2d                              0x0800472d   Thumb Code     0  dfltll_clz.o(x$fpl$dfltll)
    _ll_sto_d                                0x0800472d   Thumb Code   162  dfltll_clz.o(x$fpl$dfltll)
    __aeabi_cdcmple                          0x080047d1   Thumb Code     0  dleqf.o(x$fpl$dleqf)
    _dcmple                                  0x080047d1   Thumb Code   120  dleqf.o(x$fpl$dleqf)
    __fpl_dcmple_InfNaN                      0x08004833   Thumb Code     0  dleqf.o(x$fpl$dleqf)
    __aeabi_dmul                             0x08004849   Thumb Code     0  dmul.o(x$fpl$dmul)
    _dmul                                    0x08004849   Thumb Code   332  dmul.o(x$fpl$dmul)
    __fpl_dnaninf                            0x0800499d   Thumb Code   156  dnaninf.o(x$fpl$dnaninf)
    __fpl_dretinf                            0x08004a39   Thumb Code    12  dretinf.o(x$fpl$dretinf)
    __aeabi_cdrcmple                         0x08004a45   Thumb Code     0  drleqf.o(x$fpl$drleqf)
    _drcmple                                 0x08004a45   Thumb Code   108  drleqf.o(x$fpl$drleqf)
    __aeabi_drsub                            0x08004ab1   Thumb Code     0  daddsub_clz.o(x$fpl$drsb)
    _drsb                                    0x08004ab1   Thumb Code    22  daddsub_clz.o(x$fpl$drsb)
    _dsqrt                                   0x08004ac9   Thumb Code   404  dsqrt_umaal.o(x$fpl$dsqrt)
    __aeabi_dsub                             0x08004c61   Thumb Code     0  daddsub_clz.o(x$fpl$dsub)
    _dsub                                    0x08004c61   Thumb Code   464  daddsub_clz.o(x$fpl$dsub)
    _fp_init                                 0x08004e35   Thumb Code    10  fpinit.o(x$fpl$fpinit)
    __fplib_config_fpu_vfp                   0x08004e3d   Thumb Code     0  fpinit.o(x$fpl$fpinit)
    __fplib_config_pureend_doubles           0x08004e3d   Thumb Code     0  fpinit.o(x$fpl$fpinit)
    __fpl_fretinf                            0x08004e3f   Thumb Code    10  fretinf.o(x$fpl$fretinf)
    __fpl_return_NaN                         0x08004e49   Thumb Code   100  retnan.o(x$fpl$retnan)
    __ARM_scalbn                             0x08004ead   Thumb Code    92  scalbn.o(x$fpl$scalbn)
    __fpl_cmpreturn                          0x08004f09   Thumb Code    48  trapv.o(x$fpl$trapveneer)
    TX_ADDRESS                               0x08004f38   Data           5  24l01.o(.constdata)
    __I$use$fp                               0x08004f38   Number         0  usenofp.o(x$fpl$usenofp)
    RX_ADDRESS                               0x08004f3d   Data           5  24l01.o(.constdata)
    __mathlib_zero                           0x08004fd0   Data           8  qnan.o(.constdata)
    Region$$Table$$Base                      0x08004fd8   Number         0  anon$$obj.o(Region$$Table)
    Region$$Table$$Limit                     0x08004ff8   Number         0  anon$$obj.o(Region$$Table)
    gaodu                                    0x20000000   Data           4  main.o(.data)
    ak8975_buffer                            0x20000004   Data           6  main.o(.data)
    SystemCoreClock                          0x2000000c   Data           4  system_stm32f4xx.o(.data)
    AHBPrescTable                            0x20000010   Data          16  system_stm32f4xx.o(.data)
    spi1_err                                 0x20000020   Data           4  spi.o(.data)
    i2c_soft_err                             0x20000024   Data           4  i2c.o(.data)
    gyro_filter_high                         0x20000028   Data           4  mpu6050.o(.data)
    DeviceID                                 0x2000002c   Data           1  mpu6050.o(.data)
    Gyro_Offset                              0x2000002e   Data           6  mpu6050.o(.data)
    D1                                       0x20000034   Data           4  ms5611.o(.data)
    D2                                       0x20000038   Data           4  ms5611.o(.data)
    altitude_baro                            0x2000003c   Data           4  ms5611.o(.data)
    altitude_baro_ground                     0x20000040   Data           4  ms5611.o(.data)
    alt_ground_set                           0x20000044   Data           1  ms5611.o(.data)
    baro_available                           0x20000045   Data           1  ms5611.o(.data)
    baro_update                              0x20000046   Data           1  ms5611.o(.data)
    ms_dt                                    0x20000048   Data           4  ms5611.o(.data)
    AK8975_LAST                              0x20000068   Data           6  ak8975.o(.data)
    Ak_Xo                                    0x2000006e   Data           2  ak8975.o(.data)
    Ak_Yo                                    0x20000070   Data           2  ak8975.o(.data)
    Ak_Zo                                    0x20000072   Data           2  ak8975.o(.data)
    XS_x                                     0x20000078   Data           2  usart.o(.data)
    XS_y                                     0x2000007a   Data           2  usart.o(.data)
    __stdout                                 0x2000007c   Data           4  usart.o(.data)
    USART_RX_STA                             0x20000080   Data           2  usart.o(.data)
    mpu6050_buffer                           0x20000094   Data          14  main.o(.bss)
    body_acc                                 0x200000a4   Data          12  mpu6050.o(.bss)
    body_gyro                                0x200000b0   Data          12  mpu6050.o(.bss)
    mpu6050_raw                              0x200000bc   Data          12  mpu6050.o(.bss)
    mpu6050                                  0x200000c8   Data          12  mpu6050.o(.bss)
    mpu6050_acc_filter                       0x200000d4   Data          48  mpu6050.o(.bss)
    MPU6050_ACC_FILTER_BUF                   0x20000104   Data          60  mpu6050.o(.bss)
    MS5611_C                                 0x20000140   Data          16  ms5611.o(.bss)
    MS5611_FIFO                              0x20000150   Data          40  ms5611.o(.bss)
    SMF_baro                                 0x20000178   Data          16  ms5611.o(.bss)
    ak8975                                   0x20000188   Data          12  ak8975.o(.bss)
    USART_RX_BUF                             0x20000194   Data         200  usart.o(.bss)
    __libspace_start                         0x2000025c   Data          96  libspace.o(.bss)
    __temporary_stack_top$libspace           0x200002bc   Data           0  libspace.o(.bss)



==============================================================================

Memory Map of the image

  Image Entry point : 0x08000189

  Load Region LR_IROM1 (Base: 0x08000000, Size: 0x0000508c, Max: 0x00100000, ABSOLUTE)

    Execution Region ER_IROM1 (Base: 0x08000000, Size: 0x00004ff8, Max: 0x00100000, ABSOLUTE)

    Base Addr    Size         Type   Attr      Idx    E Section Name        Object

    0x08000000   0x00000188   Data   RO          620    RESET               startup_stm32f40_41xxx.o
    0x08000188   0x00000008   Code   RO          825  * !!!main             c_w.l(__main.o)
    0x08000190   0x00000034   Code   RO         1103    !!!scatter          c_w.l(__scatter.o)
    0x080001c4   0x0000001a   Code   RO         1105    !!handler_copy      c_w.l(__scatter_copy.o)
    0x080001de   0x00000002   PAD
    0x080001e0   0x0000001c   Code   RO         1107    !!handler_zi        c_w.l(__scatter_zi.o)
    0x080001fc   0x00000002   Code   RO          975    .ARM.Collect$$libinit$$00000000  c_w.l(libinit.o)
    0x080001fe   0x00000004   Code   RO          982    .ARM.Collect$$libinit$$00000001  c_w.l(libinit2.o)
    0x08000202   0x00000000   Code   RO          985    .ARM.Collect$$libinit$$00000004  c_w.l(libinit2.o)
    0x08000202   0x00000000   Code   RO          988    .ARM.Collect$$libinit$$0000000A  c_w.l(libinit2.o)
    0x08000202   0x00000000   Code   RO          990    .ARM.Collect$$libinit$$0000000C  c_w.l(libinit2.o)
    0x08000202   0x00000000   Code   RO          992    .ARM.Collect$$libinit$$0000000E  c_w.l(libinit2.o)
    0x08000202   0x00000000   Code   RO          995    .ARM.Collect$$libinit$$00000011  c_w.l(libinit2.o)
    0x08000202   0x00000000   Code   RO          997    .ARM.Collect$$libinit$$00000013  c_w.l(libinit2.o)
    0x08000202   0x00000000   Code   RO          999    .ARM.Collect$$libinit$$00000015  c_w.l(libinit2.o)
    0x08000202   0x00000000   Code   RO         1001    .ARM.Collect$$libinit$$00000017  c_w.l(libinit2.o)
    0x08000202   0x00000000   Code   RO         1003    .ARM.Collect$$libinit$$00000019  c_w.l(libinit2.o)
    0x08000202   0x00000000   Code   RO         1005    .ARM.Collect$$libinit$$0000001B  c_w.l(libinit2.o)
    0x08000202   0x00000000   Code   RO         1007    .ARM.Collect$$libinit$$0000001D  c_w.l(libinit2.o)
    0x08000202   0x00000000   Code   RO         1009    .ARM.Collect$$libinit$$0000001F  c_w.l(libinit2.o)
    0x08000202   0x00000000   Code   RO         1011    .ARM.Collect$$libinit$$00000021  c_w.l(libinit2.o)
    0x08000202   0x00000000   Code   RO         1013    .ARM.Collect$$libinit$$00000023  c_w.l(libinit2.o)
    0x08000202   0x00000000   Code   RO         1015    .ARM.Collect$$libinit$$00000025  c_w.l(libinit2.o)
    0x08000202   0x00000000   Code   RO         1019    .ARM.Collect$$libinit$$0000002C  c_w.l(libinit2.o)
    0x08000202   0x00000000   Code   RO         1021    .ARM.Collect$$libinit$$0000002E  c_w.l(libinit2.o)
    0x08000202   0x00000000   Code   RO         1023    .ARM.Collect$$libinit$$00000030  c_w.l(libinit2.o)
    0x08000202   0x00000000   Code   RO         1025    .ARM.Collect$$libinit$$00000032  c_w.l(libinit2.o)
    0x08000202   0x00000002   Code   RO         1026    .ARM.Collect$$libinit$$00000033  c_w.l(libinit2.o)
    0x08000204   0x00000002   Code   RO         1046    .ARM.Collect$$libshutdown$$00000000  c_w.l(libshutdown.o)
    0x08000206   0x00000000   Code   RO         1057    .ARM.Collect$$libshutdown$$00000003  c_w.l(libshutdown2.o)
    0x08000206   0x00000000   Code   RO         1060    .ARM.Collect$$libshutdown$$00000006  c_w.l(libshutdown2.o)
    0x08000206   0x00000000   Code   RO         1063    .ARM.Collect$$libshutdown$$00000009  c_w.l(libshutdown2.o)
    0x08000206   0x00000000   Code   RO         1065    .ARM.Collect$$libshutdown$$0000000B  c_w.l(libshutdown2.o)
    0x08000206   0x00000000   Code   RO         1068    .ARM.Collect$$libshutdown$$0000000E  c_w.l(libshutdown2.o)
    0x08000206   0x00000002   Code   RO         1069    .ARM.Collect$$libshutdown$$0000000F  c_w.l(libshutdown2.o)
    0x08000208   0x00000000   Code   RO          871    .ARM.Collect$$rtentry$$00000000  c_w.l(__rtentry.o)
    0x08000208   0x00000000   Code   RO          930    .ARM.Collect$$rtentry$$00000002  c_w.l(__rtentry2.o)
    0x08000208   0x00000006   Code   RO          942    .ARM.Collect$$rtentry$$00000004  c_w.l(__rtentry4.o)
    0x0800020e   0x00000000   Code   RO          932    .ARM.Collect$$rtentry$$00000009  c_w.l(__rtentry2.o)
    0x0800020e   0x00000004   Code   RO          933    .ARM.Collect$$rtentry$$0000000A  c_w.l(__rtentry2.o)
    0x08000212   0x00000000   Code   RO          935    .ARM.Collect$$rtentry$$0000000C  c_w.l(__rtentry2.o)
    0x08000212   0x00000008   Code   RO          936    .ARM.Collect$$rtentry$$0000000D  c_w.l(__rtentry2.o)
    0x0800021a   0x00000002   Code   RO          980    .ARM.Collect$$rtexit$$00000000  c_w.l(rtexit.o)
    0x0800021c   0x00000000   Code   RO         1030    .ARM.Collect$$rtexit$$00000002  c_w.l(rtexit2.o)
    0x0800021c   0x00000004   Code   RO         1031    .ARM.Collect$$rtexit$$00000003  c_w.l(rtexit2.o)
    0x08000220   0x00000006   Code   RO         1032    .ARM.Collect$$rtexit$$00000004  c_w.l(rtexit2.o)
    0x08000226   0x00000002   PAD
    0x08000228   0x0000015c   Code   RO            3    .text               main.o
    0x08000384   0x0000001a   Code   RO          188    .text               stm32f4xx_it.o
    0x0800039e   0x00000002   PAD
    0x080003a0   0x00000210   Code   RO          237    .text               system_stm32f4xx.o
    0x080005b0   0x0000023c   Code   RO          342    .text               spi.o
    0x080007ec   0x00000368   Code   RO          365    .text               24l01.o
    0x08000b54   0x0000033c   Code   RO          388    .text               i2c.o
    0x08000e90   0x000003d4   Code   RO          411    .text               mpu6050.o
    0x08001264   0x0000007a   Code   RO          439    .text               basefilter.o
    0x080012de   0x00000002   PAD
    0x080012e0   0x00000734   Code   RO          459    .text               ms5611.o
    0x08001a14   0x00000164   Code   RO          501    .text               timer.o
    0x08001b78   0x00000214   Code   RO          521    .text               ak8975.o
    0x08001d8c   0x00000104   Code   RO          549    .text               delay.o
    0x08001e90   0x000001c0   Code   RO          589    .text               usart.o
    0x08002050   0x00000040   Code   RO          621    .text               startup_stm32f40_41xxx.o
    0x08002090   0x000000e0   Code   RO          627    .text               misc.o
    0x08002170   0x00000294   Code   RO          647    .text               stm32f4xx_gpio.o
    0x08002404   0x0000065c   Code   RO          690    .text               stm32f4xx_rcc.o
    0x08002a60   0x00000480   Code   RO          712    .text               stm32f4xx_spi.o
    0x08002ee0   0x00000454   Code   RO          752    .text               stm32f4xx_usart.o
    0x08003334   0x00000002   Code   RO          772    .text               c_w.l(use_no_semi_2.o)
    0x08003336   0x00000006   Code   RO          823    .text               c_w.l(heapauxi.o)
    0x0800333c   0x00000002   Code   RO          869    .text               c_w.l(use_no_semi.o)
    0x0800333e   0x00000016   Code   RO          872    .text               c_w.l(_rserrno.o)
    0x08003354   0x00000008   Code   RO          947    .text               c_w.l(rt_errno_addr_intlibspace.o)
    0x0800335c   0x00000008   Code   RO          961    .text               c_w.l(libspace.o)
    0x08003364   0x0000004a   Code   RO          964    .text               c_w.l(sys_stackheap_outer.o)
    0x080033ae   0x0000000c   Code   RO          968    .text               c_w.l(exit.o)
    0x080033ba   0x00000030   Code   RO          912    i.__ARM_fpclassify  m_wm.l(fpclassify.o)
    0x080033ea   0x0000000e   Code   RO          478    i.__ARM_isnanf      ms5611.o
    0x080033f8   0x00000c38   Code   RO          855    i.__hardfp_pow      m_wm.l(pow.o)
    0x08004030   0x000000f8   Code   RO          914    i.__kernel_poly     m_wm.l(poly.o)
    0x08004128   0x00000030   Code   RO          892    i.__mathlib_dbl_divzero  m_wm.l(dunder.o)
    0x08004158   0x00000014   Code   RO          894    i.__mathlib_dbl_infnan2  m_wm.l(dunder.o)
    0x0800416c   0x00000004   PAD
    0x08004170   0x00000020   Code   RO          895    i.__mathlib_dbl_invalid  m_wm.l(dunder.o)
    0x08004190   0x00000020   Code   RO          896    i.__mathlib_dbl_overflow  m_wm.l(dunder.o)
    0x080041b0   0x00000020   Code   RO          898    i.__mathlib_dbl_underflow  m_wm.l(dunder.o)
    0x080041d0   0x00000018   Code   RO          908    i.fabs              m_wm.l(fabs.o)
    0x080041e8   0x0000006e   Code   RO          919    i.sqrt              m_wm.l(sqrt.o)
    0x08004256   0x00000018   Code   RO          879    x$fpl$basic         fz_wm.l(basic.o)
    0x0800426e   0x00000002   PAD
    0x08004270   0x00000062   Code   RO          827    x$fpl$d2f           fz_wm.l(d2f.o)
    0x080042d2   0x00000002   PAD
    0x080042d4   0x00000150   Code   RO          829    x$fpl$dadd          fz_wm.l(daddsub_clz.o)
    0x08004424   0x00000010   Code   RO          955    x$fpl$dcheck1       fz_wm.l(dcheck1.o)
    0x08004434   0x00000018   Code   RO          976    x$fpl$dcmpinf       fz_wm.l(dcmpi.o)
    0x0800444c   0x000002b0   Code   RO          836    x$fpl$ddiv          fz_wm.l(ddiv.o)
    0x080046fc   0x0000002e   Code   RO          844    x$fpl$dflt          fz_wm.l(dflt_clz.o)
    0x0800472a   0x00000002   PAD
    0x0800472c   0x000000a2   Code   RO          849    x$fpl$dfltll        fz_wm.l(dfltll_clz.o)
    0x080047ce   0x00000002   PAD
    0x080047d0   0x00000078   Code   RO          957    x$fpl$dleqf         fz_wm.l(dleqf.o)
    0x08004848   0x00000154   Code   RO          853    x$fpl$dmul          fz_wm.l(dmul.o)
    0x0800499c   0x0000009c   Code   RO          881    x$fpl$dnaninf       fz_wm.l(dnaninf.o)
    0x08004a38   0x0000000c   Code   RO          883    x$fpl$dretinf       fz_wm.l(dretinf.o)
    0x08004a44   0x0000006c   Code   RO          885    x$fpl$drleqf        fz_wm.l(drleqf.o)
    0x08004ab0   0x00000016   Code   RO          830    x$fpl$drsb          fz_wm.l(daddsub_clz.o)
    0x08004ac6   0x00000002   PAD
    0x08004ac8   0x00000198   Code   RO          959    x$fpl$dsqrt         fz_wm.l(dsqrt_umaal.o)
    0x08004c60   0x000001d4   Code   RO          831    x$fpl$dsub          fz_wm.l(daddsub_clz.o)
    0x08004e34   0x0000000a   Code   RO         1038    x$fpl$fpinit        fz_wm.l(fpinit.o)
    0x08004e3e   0x0000000a   Code   RO          887    x$fpl$fretinf       fz_wm.l(fretinf.o)
    0x08004e48   0x00000064   Code   RO          978    x$fpl$retnan        fz_wm.l(retnan.o)
    0x08004eac   0x0000005c   Code   RO          889    x$fpl$scalbn        fz_wm.l(scalbn.o)
    0x08004f08   0x00000030   Code   RO         1027    x$fpl$trapveneer    fz_wm.l(trapv.o)
    0x08004f38   0x00000000   Code   RO          891    x$fpl$usenofp       fz_wm.l(usenofp.o)
    0x08004f38   0x0000000a   Data   RO          366    .constdata          24l01.o
    0x08004f42   0x00000006   PAD
    0x08004f48   0x00000088   Data   RO          858    .constdata          m_wm.l(pow.o)
    0x08004fd0   0x00000008   Data   RO          916    .constdata          m_wm.l(qnan.o)
    0x08004fd8   0x00000020   Data   RO         1101    Region$$Table       anon$$obj.o


    Execution Region RW_IRAM1 (Base: 0x20000000, Size: 0x000008c0, Max: 0x00020000, ABSOLUTE)

    Base Addr    Size         Type   Attr      Idx    E Section Name        Object

    0x20000000   0x0000000a   Data   RW            6    .data               main.o
    0x2000000a   0x00000002   PAD
    0x2000000c   0x00000014   Data   RW          238    .data               system_stm32f4xx.o
    0x20000020   0x00000004   Data   RW          343    .data               spi.o
    0x20000024   0x00000004   Data   RW          389    .data               i2c.o
    0x20000028   0x0000000c   Data   RW          413    .data               mpu6050.o
    0x20000034   0x00000034   Data   RW          461    .data               ms5611.o
    0x20000068   0x0000000c   Data   RW          523    .data               ak8975.o
    0x20000074   0x00000004   Data   RW          550    .data               delay.o
    0x20000078   0x0000000a   Data   RW          591    .data               usart.o
    0x20000082   0x00000010   Data   RW          691    .data               stm32f4xx_rcc.o
    0x20000092   0x00000002   PAD
    0x20000094   0x0000000e   Zero   RW            4    .bss                main.o
    0x200000a2   0x00000002   PAD
    0x200000a4   0x0000009c   Zero   RW          412    .bss                mpu6050.o
    0x20000140   0x00000048   Zero   RW          460    .bss                ms5611.o
    0x20000188   0x0000000c   Zero   RW          522    .bss                ak8975.o
    0x20000194   0x000000c8   Zero   RW          590    .bss                usart.o
    0x2000025c   0x00000060   Zero   RW          962    .bss                c_w.l(libspace.o)
    0x200002bc   0x00000004   PAD
    0x200002c0   0x00000200   Zero   RW          619    HEAP                startup_stm32f40_41xxx.o
    0x200004c0   0x00000400   Zero   RW          618    STACK               startup_stm32f40_41xxx.o


==============================================================================

Image component sizes


      Code (inc. data)   RO Data    RW Data    ZI Data      Debug   Object Name

       872         44         10          0          0       3909   24l01.o
       532         32          0         12         12       2641   ak8975.o
       122          0          0          0          0       1026   basefilter.o
       260          8          0          4          0       1457   delay.o
       828         16          0          4          0       3155   i2c.o
       348         14          0         10         14     272164   main.o
       224         20          0          0          0       1837   misc.o
       980         60          0         12        156       3385   mpu6050.o
      1858        126          0         52         72       6010   ms5611.o
       572         20          0          4          0       2241   spi.o
        64         26        392          0       1536        840   startup_stm32f40_41xxx.o
       660         44          0          0          0       4113   stm32f4xx_gpio.o
        26          0          0          0          0       1234   stm32f4xx_it.o
      1628         52          0         16          0      12912   stm32f4xx_rcc.o
      1152         36          0          0          0       6865   stm32f4xx_spi.o
      1108         34          0          0          0       7816   stm32f4xx_usart.o
       528         46          0         20          0       1807   system_stm32f4xx.o
       356         10          0          0          0       2712   timer.o
       448         18          0         10        200       3452   usart.o

    ----------------------------------------------------------------------
     12570        606        440        148       1992     339576   Object Totals
         0          0         32          0          0          0   (incl. Generated)
         4          0          6          4          2          0   (incl. Padding)

    ----------------------------------------------------------------------

      Code (inc. data)   RO Data    RW Data    ZI Data      Debug   Library Member Name

         8          0          0          0          0         68   __main.o
         0          0          0          0          0          0   __rtentry.o
        12          0          0          0          0          0   __rtentry2.o
         6          0          0          0          0          0   __rtentry4.o
        52          8          0          0          0          0   __scatter.o
        26          0          0          0          0          0   __scatter_copy.o
        28          0          0          0          0          0   __scatter_zi.o
        22          0          0          0          0        100   _rserrno.o
        12          0          0          0          0         72   exit.o
         6          0          0          0          0        152   heapauxi.o
         2          0          0          0          0          0   libinit.o
         6          0          0          0          0          0   libinit2.o
         2          0          0          0          0          0   libshutdown.o
         2          0          0          0          0          0   libshutdown2.o
         8          4          0          0         96         68   libspace.o
         8          4          0          0          0         68   rt_errno_addr_intlibspace.o
         2          0          0          0          0          0   rtexit.o
        10          0          0          0          0          0   rtexit2.o
        74          0          0          0          0         80   sys_stackheap_outer.o
         2          0          0          0          0         68   use_no_semi.o
         2          0          0          0          0         68   use_no_semi_2.o
        24          0          0          0          0        164   basic.o
        98          4          0          0          0        140   d2f.o
       826         16          0          0          0        492   daddsub_clz.o
        16          4          0          0          0        116   dcheck1.o
        24          0          0          0          0        116   dcmpi.o
       688        140          0          0          0        256   ddiv.o
        46          0          0          0          0        116   dflt_clz.o
       162          0          0          0          0        132   dfltll_clz.o
       120          4          0          0          0        140   dleqf.o
       340         12          0          0          0        152   dmul.o
       156          4          0          0          0        140   dnaninf.o
        12          0          0          0          0        116   dretinf.o
       108          0          0          0          0        128   drleqf.o
       408         56          0          0          0        168   dsqrt_umaal.o
        10          0          0          0          0        116   fpinit.o
        10          0          0          0          0        116   fretinf.o
       100          0          0          0          0        116   retnan.o
        92          0          0          0          0        116   scalbn.o
        48          0          0          0          0        116   trapv.o
         0          0          0          0          0          0   usenofp.o
       164         44          0          0          0        620   dunder.o
        24          0          0          0          0        124   fabs.o
        48          0          0          0          0        124   fpclassify.o
       248          0          0          0          0        152   poly.o
      3128        302        136          0          0        356   pow.o
         0          0          8          0          0          0   qnan.o
       110          0          0          0          0        148   sqrt.o

    ----------------------------------------------------------------------
      7318        602        144          0        100       5224   Library Totals
        18          0          0          0          4          0   (incl. Padding)

    ----------------------------------------------------------------------

      Code (inc. data)   RO Data    RW Data    ZI Data      Debug   Library Name

       290         16          0          0         96        744   c_w.l
      3288        240          0          0          0       2956   fz_wm.l
      3722        346        144          0          0       1524   m_wm.l

    ----------------------------------------------------------------------
      7318        602        144          0        100       5224   Library Totals

    ----------------------------------------------------------------------

==============================================================================


      Code (inc. data)   RO Data    RW Data    ZI Data      Debug   

     19888       1208        584        148       2092     338240   Grand Totals
     19888       1208        584        148       2092     338240   ELF Image Totals
     19888       1208        584        148          0          0   ROM Totals

==============================================================================

    Total RO  Size (Code + RO Data)                20472 (  19.99kB)
    Total RW  Size (RW Data + ZI Data)              2240 (   2.19kB)
    Total ROM Size (Code + RO Data + RW Data)      20620 (  20.14kB)

==============================================================================

