<html>
<body>
<pre>
<h1>礦ision Build Log</h1>
<h2>Tool Versions:</h2>
IDE-Version: μVision V5.14.0.0
Copyright (C) 2015 ARM Ltd and ARM Germany GmbH. All rights reserved.
License Information: lwo lxl, www, LIC=D0D8T-RR3QM-HLFCL-0N0QF-FE8B9-07HGC
 
Tool Versions:
Toolchain:       MDK-ARM Standard  Version: 5.14.0.0
Toolchain Path:  E:\MDK5\ARM\ARMCC\Bin
C Compiler:      Armcc.exe V5.05 update 1 (build 106)
Assembler:       Armasm.exe V5.05 update 1 (build 106)
Linker/Locator:  ArmLink.exe V5.05 update 1 (build 106)
Library Manager: ArmAr.exe V5.05 update 1 (build 106)
Hex Converter:   FromElf.exe V5.05 update 1 (build 106)
CPU DLL:         SARMCM3.DLL V5.14.0.0
Dialog DLL:      DCM.DLL V1.13.1.0
Target DLL:      STLink\ST-LINKIII-KEIL_SWO.dll V2.0.14.0_KEIL
Dialog DLL:      TCM.DLL V1.14.4.0
 
<h2>Project:</h2>
E:\老婆\aaaaa\FlightController(3)\飞控板通讯\USER\NRF24L01.uvprojx
Project File Date:  06/25/2019

<h2>Output:</h2>
Rebuild target 'NRF24L01'
compiling main.c...
main.c(25): warning:  #550-D: variable "a" was set but never used
        float *a;
main.c(26): warning:  #177-D: variable "i" was declared but never referenced
        int i;
main.c: 2 warnings, 0 errors
compiling stm32f4xx_it.c...
compiling system_stm32f4xx.c...
compiling led.c...
compiling lcd.c...
compiling key.c...
compiling spi.c...
compiling 24l01.c...
compiling i2c.c...
compiling mpu6050.c...
..\HARDWARE\MPU6050\mpu6050.c(103): warning:  #940-D: missing return statement at end of non-void function "MPU6050_Get_Motion6"
  }
..\HARDWARE\MPU6050\mpu6050.c(65): warning:  #177-D: variable "a" was declared but never referenced
        float a[6];
..\HARDWARE\MPU6050\mpu6050.c: 2 warnings, 0 errors
compiling BaseFilter.c...
compiling MS5611.c...
compiling timer.c...
..\HARDWARE\TIMER\timer.c(23): warning:  #940-D: missing return statement at end of non-void function "micros"
  }
..\HARDWARE\TIMER\timer.c: 1 warning, 0 errors
compiling AK8975.c...
compiling delay.c...
compiling sys.c...
compiling usart.c...
assembling startup_stm32f40_41xxx.s...
compiling misc.c...
compiling stm32f4xx_gpio.c...
compiling stm32f4xx_fsmc.c...
compiling stm32f4xx_rcc.c...
compiling stm32f4xx_spi.c...
compiling stm32f4xx_syscfg.c...
compiling stm32f4xx_usart.c...
linking...
Program Size: Code=19888 RO-data=584 RW-data=148 ZI-data=2092  
FromELF: creating hex file...
"..\OBJ\NRF24L01.axf" - 0 Error(s), 5 Warning(s).

<h2>Collection of Component include folders:</h2>
  E:\老婆\aaaaa\FlightController(3)\飞控板通讯\USER\RTE
  E:\MDK5\ARM\PACK\Keil\STM32F4xx_DFP\2.5.0

<h2>Collection of Component Files used:</h2>
</pre>
</body>
</html>
